2026-04-06 00:34:48 [INFO] 高频振动数据采集器初始化完成
2026-04-06 00:34:48 [INFO] 数据文件已创建: C:\Users\beifa\AppData\Local\Temp\vibration_test_pqtcybgg\test_1775406888.csv
2026-04-06 00:34:48 [INFO] 数据文件已关闭
2026-04-06 00:34:48 [INFO] 串口连接已关闭
2026-04-06 00:34:48 [INFO] 数据采集已停止
2026-04-06 00:35:42 [INFO] 高频振动数据采集器初始化完成
2026-04-06 00:35:42 [INFO] 数据文件已创建: C:\Users\beifa\AppData\Local\Temp\vibration_test_5yc6_kw5\test_1775406942.csv
2026-04-06 00:35:42 [INFO] 数据文件已关闭
2026-04-06 00:35:42 [INFO] 串口连接已关闭
2026-04-06 00:35:42 [INFO] 数据采集已停止
2026-04-06 10:31:52 [INFO] 高频振动数据采集器初始化完成
2026-04-06 10:31:52 [INFO] 数据文件已创建: C:\Users\beifa\AppData\Local\Temp\vibration_test_iasue6gp\test_1775442712.csv
2026-04-06 10:31:52 [INFO] 数据文件已关闭
2026-04-06 10:31:52 [INFO] 串口连接已关闭
2026-04-06 10:31:52 [INFO] 数据采集已停止
2026-04-06 10:32:11 [INFO] 高频振动数据采集器初始化完成
2026-04-06 10:32:11 [INFO] 数据文件已创建: C:\Users\beifa\AppData\Local\Temp\vibration_test_2376eemp\test_1775442731.csv
2026-04-06 10:32:11 [INFO] 数据文件已关闭
2026-04-06 10:32:11 [INFO] 串口连接已关闭
2026-04-06 10:32:11 [INFO] 数据采集已停止
2026-04-06 10:37:16 [INFO] 高频振动数据采集器初始化完成
2026-04-06 10:37:16 [INFO] 正在连接串口 COM8，波特率 256000...
2026-04-06 10:37:16 [INFO] 串口连接成功: COM8
2026-04-06 10:37:16 [INFO] 开始数据采集...
2026-04-06 10:37:16 [INFO] 数据文件已创建: ./data\vibration_1775443036.csv
2026-04-06 10:38:54 [INFO] 收到信号 2，正在停止采集...
2026-04-06 10:38:54 [INFO] 数据文件已关闭
2026-04-06 10:38:54 [INFO] 串口连接已关闭
2026-04-06 10:38:54 [INFO] 数据采集已停止
2026-04-06 10:38:54 [INFO] 数据采集已停止
2026-04-06 11:37:27 [INFO] 高频振动数据采集器初始化完成
2026-04-06 11:37:27 [INFO] 正在连接串口 COM8，波特率 256000...
2026-04-06 11:37:27 [INFO] 串口连接成功: COM8
2026-04-06 11:37:27 [INFO] 开始数据采集...
2026-04-06 11:37:27 [INFO] 数据文件已创建: ./data\vibration_1775446647.csv
2026-04-06 11:37:56 [INFO] 收到信号 2，正在停止采集...
2026-04-06 11:37:56 [INFO] 数据文件已关闭
2026-04-06 11:37:56 [INFO] 串口连接已关闭
2026-04-06 11:37:56 [INFO] 数据采集已停止
2026-04-06 11:37:56 [INFO] 数据采集已停止
2026-04-06 11:37:58 [INFO] 高频振动数据采集器初始化完成
2026-04-06 11:37:58 [INFO] 正在连接串口 COM8，波特率 256000...
2026-04-06 11:37:58 [INFO] 串口连接成功: COM8
2026-04-06 11:37:58 [INFO] 开始数据采集...
2026-04-06 11:37:58 [INFO] 数据文件已创建: ./data\vibration_1775446678.csv
2026-04-06 12:19:37 [INFO] 收到信号 2，正在停止采集...
2026-04-06 12:19:37 [INFO] 数据文件已关闭
2026-04-06 12:19:37 [INFO] 串口连接已关闭
2026-04-06 12:19:37 [INFO] 数据采集已停止
2026-04-06 12:19:37 [INFO] 数据采集已停止
2026-04-06 12:19:40 [INFO] 高频振动数据采集器初始化完成
2026-04-06 12:19:40 [INFO] 正在连接串口 COM8，波特率 256000...
2026-04-06 12:19:40 [INFO] 串口连接成功: COM8
2026-04-06 12:19:40 [INFO] 开始数据采集...
2026-04-06 12:19:40 [INFO] 数据文件已创建: ./data\vibration_1775449180.csv
2026-04-06 12:21:17 [INFO] 收到信号 2，正在停止采集...
2026-04-06 12:21:17 [INFO] 数据文件已关闭
2026-04-06 12:21:17 [INFO] 串口连接已关闭
2026-04-06 12:21:17 [INFO] 数据采集已停止
2026-04-06 12:21:17 [INFO] 数据采集已停止
2026-04-06 12:21:19 [INFO] 高频振动数据采集器初始化完成
2026-04-06 12:21:19 [INFO] 正在连接串口 COM8，波特率 256000...
2026-04-06 12:21:19 [INFO] 串口连接成功: COM8
2026-04-06 12:21:19 [INFO] 开始数据采集...
2026-04-06 12:21:19 [INFO] 数据文件已创建: ./data\vibration_1775449279.csv
2026-04-06 12:24:40 [INFO] 收到信号 2，正在停止采集...
2026-04-06 12:24:40 [INFO] 数据文件已关闭
2026-04-06 12:24:40 [INFO] 串口连接已关闭
2026-04-06 12:24:40 [INFO] 数据采集已停止
2026-04-06 12:24:40 [INFO] 数据采集已停止
2026-04-06 12:38:46 [INFO] 高频振动数据采集器初始化完成
2026-04-06 12:38:46 [INFO] 正在连接串口 COM8，波特率 256000...
2026-04-06 12:38:46 [INFO] 串口连接成功: COM8
2026-04-06 12:38:46 [INFO] 开始数据采集...
2026-04-06 12:38:46 [INFO] 数据文件已创建: ./data\vibration_1775450326.csv
2026-04-06 12:39:52 [INFO] 收到信号 2，正在停止采集...
2026-04-06 12:39:52 [INFO] 数据文件已关闭
2026-04-06 12:39:52 [INFO] 串口连接已关闭
2026-04-06 12:39:52 [INFO] 数据采集已停止
2026-04-06 12:39:52 [INFO] 数据采集已停止
2026-04-06 12:56:55 [INFO] 高频振动数据采集器初始化完成
2026-04-06 12:56:55 [INFO] 正在连接串口 COM8，波特率 256000...
2026-04-06 12:56:55 [INFO] 串口连接成功: COM8
2026-04-06 12:56:55 [INFO] 开始数据采集...
2026-04-06 12:56:55 [INFO] 数据文件已创建: ./data\vibration_1775451415.csv
2026-04-06 12:57:12 [INFO] 收到信号 2，正在停止采集...
2026-04-06 12:57:12 [INFO] 数据文件已关闭
2026-04-06 12:57:12 [INFO] 串口连接已关闭
2026-04-06 12:57:12 [INFO] 数据采集已停止
2026-04-06 12:57:12 [INFO] 数据采集已停止
2026-04-06 12:57:14 [INFO] 高频振动数据采集器初始化完成
2026-04-06 12:57:14 [INFO] 正在连接串口 COM8，波特率 256000...
2026-04-06 12:57:14 [INFO] 串口连接成功: COM8
2026-04-06 12:57:14 [INFO] 开始数据采集...
2026-04-06 12:57:14 [INFO] 数据文件已创建: ./data\vibration_1775451434.csv
2026-04-06 12:57:19 [INFO] 收到信号 2，正在停止采集...
2026-04-06 12:57:19 [INFO] 数据文件已关闭
2026-04-06 12:57:19 [INFO] 串口连接已关闭
2026-04-06 12:57:19 [INFO] 数据采集已停止
2026-04-06 12:57:19 [INFO] 数据采集已停止
2026-04-06 12:57:22 [INFO] 高频振动数据采集器初始化完成
2026-04-06 12:57:22 [INFO] 正在连接串口 COM8，波特率 256000...
2026-04-06 12:57:22 [INFO] 串口连接成功: COM8
2026-04-06 12:57:22 [INFO] 开始数据采集...
2026-04-06 12:57:22 [INFO] 数据文件已创建: ./data\vibration_1775451442.csv
2026-04-06 12:57:34 [INFO] 收到信号 2，正在停止采集...
2026-04-06 12:57:34 [INFO] 数据文件已关闭
2026-04-06 12:57:34 [INFO] 串口连接已关闭
2026-04-06 12:57:34 [INFO] 数据采集已停止
2026-04-06 12:57:34 [INFO] 数据采集已停止
2026-04-06 12:57:37 [INFO] 高频振动数据采集器初始化完成
2026-04-06 12:57:37 [INFO] 正在连接串口 COM8，波特率 256000...
2026-04-06 12:57:37 [INFO] 串口连接成功: COM8
2026-04-06 12:57:37 [INFO] 开始数据采集...
2026-04-06 12:57:37 [INFO] 数据文件已创建: ./data\vibration_1775451457.csv
2026-04-06 12:57:42 [INFO] 收到信号 2，正在停止采集...
2026-04-06 12:57:42 [INFO] 数据文件已关闭
2026-04-06 12:57:42 [INFO] 串口连接已关闭
2026-04-06 12:57:42 [INFO] 数据采集已停止
2026-04-06 12:57:42 [INFO] 数据采集已停止
2026-04-06 12:57:46 [INFO] 高频振动数据采集器初始化完成
2026-04-06 12:57:46 [INFO] 正在连接串口 COM8，波特率 256000...
2026-04-06 12:57:46 [INFO] 串口连接成功: COM8
2026-04-06 12:57:46 [INFO] 开始数据采集...
2026-04-06 12:57:46 [INFO] 数据文件已创建: ./data\vibration_1775451466.csv
2026-04-06 12:57:55 [INFO] 收到信号 2，正在停止采集...
2026-04-06 12:57:55 [INFO] 数据文件已关闭
2026-04-06 12:57:55 [INFO] 串口连接已关闭
2026-04-06 12:57:55 [INFO] 数据采集已停止
2026-04-06 12:57:55 [INFO] 数据采集已停止
2026-04-06 13:01:00 [INFO] 高频振动数据采集器初始化完成
2026-04-06 13:01:00 [INFO] 正在连接串口 COM8，波特率 256000...
2026-04-06 13:01:00 [INFO] 串口连接成功: COM8
2026-04-06 13:01:00 [INFO] 开始数据采集...
2026-04-06 13:01:00 [INFO] 数据文件已创建: ./data\vibration_1775451660.csv
2026-04-06 13:01:22 [INFO] 收到信号 2，正在停止采集...
2026-04-06 13:01:22 [INFO] 数据文件已关闭
2026-04-06 13:01:22 [INFO] 串口连接已关闭
2026-04-06 13:01:22 [INFO] 数据采集已停止
2026-04-06 13:01:22 [INFO] 数据采集已停止
2026-04-06 13:02:27 [INFO] 高频振动数据采集器初始化完成
2026-04-06 13:02:27 [INFO] 正在连接串口 COM8，波特率 256000...
2026-04-06 13:02:27 [INFO] 串口连接成功: COM8
2026-04-06 13:02:27 [INFO] 开始数据采集...
2026-04-06 13:02:27 [INFO] 数据文件已创建: ./data\vibration_1775451747.csv
2026-04-06 13:02:41 [INFO] 收到信号 2，正在停止采集...
2026-04-06 13:02:41 [INFO] 数据文件已关闭
2026-04-06 13:02:41 [INFO] 串口连接已关闭
2026-04-06 13:02:41 [INFO] 数据采集已停止
2026-04-06 13:02:41 [INFO] 数据采集已停止
2026-04-06 13:02:42 [INFO] 高频振动数据采集器初始化完成
2026-04-06 13:02:42 [INFO] 正在连接串口 COM8，波特率 256000...
2026-04-06 13:02:42 [INFO] 串口连接成功: COM8
2026-04-06 13:02:42 [INFO] 开始数据采集...
2026-04-06 13:02:42 [INFO] 数据文件已创建: ./data\vibration_1775451762.csv
2026-04-06 13:02:52 [INFO] 收到信号 2，正在停止采集...
2026-04-06 13:02:52 [INFO] 数据文件已关闭
2026-04-06 13:02:52 [INFO] 串口连接已关闭
2026-04-06 13:02:52 [INFO] 数据采集已停止
2026-04-06 13:02:52 [INFO] 数据采集已停止
2026-04-06 13:02:54 [INFO] 高频振动数据采集器初始化完成
2026-04-06 13:02:54 [INFO] 正在连接串口 COM8，波特率 256000...
2026-04-06 13:02:54 [INFO] 串口连接成功: COM8
2026-04-06 13:02:54 [INFO] 开始数据采集...
2026-04-06 13:02:54 [INFO] 数据文件已创建: ./data\vibration_1775451774.csv
2026-04-06 13:03:04 [INFO] 收到信号 2，正在停止采集...
2026-04-06 13:03:04 [INFO] 数据文件已关闭
2026-04-06 13:03:04 [INFO] 串口连接已关闭
2026-04-06 13:03:04 [INFO] 数据采集已停止
2026-04-06 13:03:04 [INFO] 数据采集已停止
2026-04-06 13:03:30 [INFO] 高频振动数据采集器初始化完成
2026-04-06 13:03:30 [INFO] 正在连接串口 COM8，波特率 256000...
2026-04-06 13:03:30 [INFO] 串口连接成功: COM8
2026-04-06 13:03:30 [INFO] 开始数据采集...
2026-04-06 13:03:30 [INFO] 数据文件已创建: ./data\vibration_1775451810.csv
2026-04-06 13:03:47 [INFO] 收到信号 2，正在停止采集...
2026-04-06 13:03:47 [INFO] 数据文件已关闭
2026-04-06 13:03:47 [INFO] 串口连接已关闭
2026-04-06 13:03:47 [INFO] 数据采集已停止
2026-04-06 13:03:47 [INFO] 数据采集已停止
2026-04-06 13:03:50 [INFO] 高频振动数据采集器初始化完成
2026-04-06 13:03:50 [INFO] 正在连接串口 COM8，波特率 256000...
2026-04-06 13:03:50 [INFO] 串口连接成功: COM8
2026-04-06 13:03:50 [INFO] 开始数据采集...
2026-04-06 13:03:50 [INFO] 数据文件已创建: ./data\vibration_1775451830.csv
2026-04-06 13:04:02 [INFO] 收到信号 2，正在停止采集...
2026-04-06 13:04:02 [INFO] 数据文件已关闭
2026-04-06 13:04:02 [INFO] 串口连接已关闭
2026-04-06 13:04:02 [INFO] 数据采集已停止
2026-04-06 13:04:02 [INFO] 数据采集已停止
2026-04-06 13:04:03 [INFO] 高频振动数据采集器初始化完成
2026-04-06 13:04:03 [INFO] 正在连接串口 COM8，波特率 256000...
2026-04-06 13:04:03 [INFO] 串口连接成功: COM8
2026-04-06 13:04:03 [INFO] 开始数据采集...
2026-04-06 13:04:03 [INFO] 数据文件已创建: ./data\vibration_1775451843.csv
2026-04-06 13:04:13 [INFO] 收到信号 2，正在停止采集...
2026-04-06 13:04:13 [INFO] 数据文件已关闭
2026-04-06 13:04:13 [INFO] 串口连接已关闭
2026-04-06 13:04:13 [INFO] 数据采集已停止
2026-04-06 13:04:13 [INFO] 数据采集已停止
2026-04-06 13:04:56 [INFO] 高频振动数据采集器初始化完成
2026-04-06 13:04:56 [INFO] 正在连接串口 COM8，波特率 1382400...
2026-04-06 13:04:56 [INFO] 串口连接成功: COM8
2026-04-06 13:04:56 [INFO] 开始数据采集...
2026-04-06 13:04:56 [INFO] 数据文件已创建: ./data\vibration_1775451896.csv
2026-04-06 13:05:03 [INFO] 收到信号 2，正在停止采集...
2026-04-06 13:05:03 [INFO] 数据文件已关闭
2026-04-06 13:05:03 [INFO] 串口连接已关闭
2026-04-06 13:05:03 [INFO] 数据采集已停止
2026-04-06 13:05:03 [INFO] 数据采集已停止
2026-04-06 13:05:09 [INFO] 高频振动数据采集器初始化完成
2026-04-06 13:05:09 [INFO] 正在连接串口 COM8，波特率 256000...
2026-04-06 13:05:09 [INFO] 串口连接成功: COM8
2026-04-06 13:05:09 [INFO] 开始数据采集...
2026-04-06 13:05:09 [INFO] 数据文件已创建: ./data\vibration_1775451909.csv
2026-04-06 13:05:19 [INFO] 收到信号 2，正在停止采集...
2026-04-06 13:05:19 [INFO] 数据文件已关闭
2026-04-06 13:05:19 [INFO] 串口连接已关闭
2026-04-06 13:05:19 [INFO] 数据采集已停止
2026-04-06 13:05:19 [INFO] 数据采集已停止
2026-04-06 13:07:37 [INFO] 高频振动数据采集器初始化完成
2026-04-06 13:07:37 [INFO] 正在连接串口 COM8，波特率 256000...
2026-04-06 13:07:37 [INFO] 串口连接成功: COM8
2026-04-06 13:07:37 [INFO] 开始数据采集...
2026-04-06 13:07:37 [INFO] 数据文件已创建: ./data\vibration_1775452057.csv
2026-04-06 13:07:45 [INFO] 收到信号 2，正在停止采集...
2026-04-06 13:07:45 [INFO] 数据文件已关闭
2026-04-06 13:07:45 [INFO] 串口连接已关闭
2026-04-06 13:07:45 [INFO] 数据采集已停止
2026-04-06 13:07:45 [INFO] 数据采集已停止
2026-04-06 13:07:47 [INFO] 高频振动数据采集器初始化完成
2026-04-06 13:07:47 [INFO] 正在连接串口 COM8，波特率 256000...
2026-04-06 13:07:47 [INFO] 串口连接成功: COM8
2026-04-06 13:07:47 [INFO] 开始数据采集...
2026-04-06 13:07:47 [INFO] 数据文件已创建: ./data\vibration_1775452067.csv
2026-04-06 13:12:25 [INFO] 收到信号 2，正在停止采集...
2026-04-06 13:12:25 [INFO] 数据文件已关闭
2026-04-06 13:12:25 [INFO] 串口连接已关闭
2026-04-06 13:12:25 [INFO] 数据采集已停止
2026-04-06 13:12:25 [INFO] 数据采集已停止
2026-04-06 13:12:27 [INFO] 高频振动数据采集器初始化完成
2026-04-06 13:12:27 [INFO] 正在连接串口 COM8，波特率 256000...
2026-04-06 13:12:27 [INFO] 串口连接成功: COM8
2026-04-06 13:12:27 [INFO] 开始数据采集...
2026-04-06 13:12:27 [INFO] 数据文件已创建: ./data\vibration_1775452347.csv
2026-04-06 13:12:35 [INFO] 收到信号 2，正在停止采集...
2026-04-06 13:12:35 [INFO] 数据文件已关闭
2026-04-06 13:12:35 [INFO] 串口连接已关闭
2026-04-06 13:12:35 [INFO] 数据采集已停止
2026-04-06 13:12:35 [INFO] 数据采集已停止
2026-04-06 13:12:37 [INFO] 高频振动数据采集器初始化完成
2026-04-06 13:12:37 [INFO] 正在连接串口 COM8，波特率 256000...
2026-04-06 13:12:37 [INFO] 串口连接成功: COM8
2026-04-06 13:12:37 [INFO] 开始数据采集...
2026-04-06 13:12:37 [INFO] 数据文件已创建: ./data\vibration_1775452357.csv
2026-04-06 13:12:47 [INFO] 收到信号 2，正在停止采集...
2026-04-06 13:12:47 [INFO] 数据文件已关闭
2026-04-06 13:12:47 [INFO] 串口连接已关闭
2026-04-06 13:12:47 [INFO] 数据采集已停止
2026-04-06 13:12:47 [INFO] 数据采集已停止
2026-04-06 13:12:49 [INFO] 高频振动数据采集器初始化完成
2026-04-06 13:12:49 [INFO] 正在连接串口 COM8，波特率 256000...
2026-04-06 13:12:49 [INFO] 串口连接成功: COM8
2026-04-06 13:12:49 [INFO] 开始数据采集...
2026-04-06 13:12:49 [INFO] 数据文件已创建: ./data\vibration_1775452369.csv
2026-04-06 13:12:53 [INFO] 收到信号 2，正在停止采集...
2026-04-06 13:12:53 [INFO] 数据文件已关闭
2026-04-06 13:12:53 [INFO] 串口连接已关闭
2026-04-06 13:12:53 [INFO] 数据采集已停止
2026-04-06 13:12:53 [INFO] 数据采集已停止
2026-04-06 13:13:14 [INFO] 高频振动数据采集器初始化完成
2026-04-06 13:13:14 [INFO] 正在连接串口 COM8，波特率 256000...
2026-04-06 13:13:14 [INFO] 串口连接成功: COM8
2026-04-06 13:13:14 [INFO] 开始数据采集...
2026-04-06 13:13:14 [INFO] 数据文件已创建: ./data\vibration_1775452394.csv
2026-04-06 13:13:37 [INFO] 收到信号 2，正在停止采集...
2026-04-06 13:13:37 [INFO] 数据文件已关闭
2026-04-06 13:13:37 [INFO] 串口连接已关闭
2026-04-06 13:13:37 [INFO] 数据采集已停止
2026-04-06 13:13:37 [INFO] 数据采集已停止
2026-04-06 13:13:39 [INFO] 高频振动数据采集器初始化完成
2026-04-06 13:13:39 [INFO] 正在连接串口 COM8，波特率 256000...
2026-04-06 13:13:39 [INFO] 串口连接成功: COM8
2026-04-06 13:13:39 [INFO] 开始数据采集...
2026-04-06 13:13:39 [INFO] 数据文件已创建: ./data\vibration_1775452419.csv
2026-04-06 13:13:46 [INFO] 收到信号 2，正在停止采集...
2026-04-06 13:13:46 [INFO] 数据文件已关闭
2026-04-06 13:13:46 [INFO] 串口连接已关闭
2026-04-06 13:13:46 [INFO] 数据采集已停止
2026-04-06 13:13:46 [INFO] 数据采集已停止
2026-04-06 13:13:47 [INFO] 高频振动数据采集器初始化完成
2026-04-06 13:13:47 [INFO] 正在连接串口 COM8，波特率 256000...
2026-04-06 13:13:47 [INFO] 串口连接成功: COM8
2026-04-06 13:13:47 [INFO] 开始数据采集...
2026-04-06 13:13:47 [INFO] 数据文件已创建: ./data\vibration_1775452427.csv
2026-04-06 13:13:57 [INFO] 收到信号 2，正在停止采集...
2026-04-06 13:13:57 [INFO] 数据文件已关闭
2026-04-06 13:13:57 [INFO] 串口连接已关闭
2026-04-06 13:13:57 [INFO] 数据采集已停止
2026-04-06 13:13:57 [INFO] 数据采集已停止
2026-04-06 13:13:58 [INFO] 高频振动数据采集器初始化完成
2026-04-06 13:13:58 [INFO] 正在连接串口 COM8，波特率 256000...
2026-04-06 13:13:58 [INFO] 串口连接成功: COM8
2026-04-06 13:13:58 [INFO] 开始数据采集...
2026-04-06 13:13:58 [INFO] 数据文件已创建: ./data\vibration_1775452438.csv
2026-04-06 13:14:27 [INFO] 收到信号 2，正在停止采集...
2026-04-06 13:14:27 [INFO] 数据文件已关闭
2026-04-06 13:14:27 [INFO] 串口连接已关闭
2026-04-06 13:14:27 [INFO] 数据采集已停止
2026-04-06 13:14:27 [INFO] 数据采集已停止
2026-04-06 13:17:34 [INFO] 高频振动数据采集器初始化完成
2026-04-06 13:17:34 [INFO] 正在连接串口 COM8，波特率 256000...
2026-04-06 13:17:34 [INFO] 串口连接成功: COM8
2026-04-06 13:17:34 [INFO] 开始数据采集...
2026-04-06 13:17:34 [INFO] 数据文件已创建: ./data\vibration_1775452654.csv
2026-04-06 13:18:07 [INFO] 收到信号 2，正在停止采集...
2026-04-06 13:18:07 [INFO] 数据文件已关闭
2026-04-06 13:18:07 [INFO] 串口连接已关闭
2026-04-06 13:18:07 [INFO] 数据采集已停止
2026-04-06 13:18:07 [INFO] 数据采集已停止
2026-04-06 13:18:09 [INFO] 高频振动数据采集器初始化完成
2026-04-06 13:18:09 [INFO] 正在连接串口 COM8，波特率 256000...
2026-04-06 13:18:09 [INFO] 串口连接成功: COM8
2026-04-06 13:18:09 [INFO] 开始数据采集...
2026-04-06 13:18:09 [INFO] 数据文件已创建: ./data\vibration_1775452689.csv
2026-04-06 13:18:24 [INFO] 收到信号 2，正在停止采集...
2026-04-06 13:18:24 [INFO] 数据文件已关闭
2026-04-06 13:18:24 [INFO] 串口连接已关闭
2026-04-06 13:18:24 [INFO] 数据采集已停止
2026-04-06 13:18:24 [INFO] 数据采集已停止
2026-04-06 13:18:25 [INFO] 高频振动数据采集器初始化完成
2026-04-06 13:18:25 [INFO] 正在连接串口 COM8，波特率 256000...
2026-04-06 13:18:25 [INFO] 串口连接成功: COM8
2026-04-06 13:18:25 [INFO] 开始数据采集...
2026-04-06 13:18:25 [INFO] 数据文件已创建: ./data\vibration_1775452705.csv
2026-04-06 13:20:11 [INFO] 收到信号 2，正在停止采集...
2026-04-06 13:20:11 [INFO] 数据文件已关闭
2026-04-06 13:20:11 [INFO] 串口连接已关闭
2026-04-06 13:20:11 [INFO] 数据采集已停止
2026-04-06 13:20:11 [INFO] 数据文件已创建: ./data\vibration_1775452811.csv
2026-04-06 13:20:11 [INFO] 数据文件已关闭
2026-04-06 13:20:11 [INFO] 数据采集已停止
2026-04-06 13:20:13 [INFO] 高频振动数据采集器初始化完成
2026-04-06 13:20:13 [INFO] 正在连接串口 COM8，波特率 256000...
2026-04-06 13:20:13 [INFO] 串口连接成功: COM8
2026-04-06 13:20:13 [INFO] 开始数据采集...
2026-04-06 13:20:13 [INFO] 数据文件已创建: ./data\vibration_1775452813.csv
2026-04-06 13:20:25 [INFO] 收到信号 2，正在停止采集...
2026-04-06 13:20:25 [INFO] 数据文件已关闭
2026-04-06 13:20:25 [INFO] 串口连接已关闭
2026-04-06 13:20:25 [INFO] 数据采集已停止
2026-04-06 13:20:25 [INFO] 数据采集已停止
2026-04-06 13:20:26 [INFO] 高频振动数据采集器初始化完成
2026-04-06 13:20:26 [INFO] 正在连接串口 COM8，波特率 256000...
2026-04-06 13:20:26 [INFO] 串口连接成功: COM8
2026-04-06 13:20:26 [INFO] 开始数据采集...
2026-04-06 13:20:26 [INFO] 数据文件已创建: ./data\vibration_1775452826.csv
2026-04-06 13:20:30 [INFO] 收到信号 2，正在停止采集...
2026-04-06 13:20:30 [INFO] 数据文件已关闭
2026-04-06 13:20:30 [INFO] 串口连接已关闭
2026-04-06 13:20:30 [INFO] 数据采集已停止
2026-04-06 13:20:30 [INFO] 数据采集已停止
2026-04-06 13:20:50 [INFO] 高频振动数据采集器初始化完成
2026-04-06 13:20:50 [INFO] 正在连接串口 COM8，波特率 256000...
2026-04-06 13:20:50 [INFO] 串口连接成功: COM8
2026-04-06 13:20:50 [INFO] 开始数据采集...
2026-04-06 13:20:50 [INFO] 数据文件已创建: ./data\vibration_1775452850.csv
2026-04-06 13:21:02 [INFO] 收到信号 2，正在停止采集...
2026-04-06 13:21:02 [INFO] 数据文件已关闭
2026-04-06 13:21:02 [INFO] 串口连接已关闭
2026-04-06 13:21:02 [INFO] 数据采集已停止
2026-04-06 13:21:02 [INFO] 数据采集已停止
2026-04-06 13:21:03 [INFO] 高频振动数据采集器初始化完成
2026-04-06 13:21:03 [INFO] 正在连接串口 COM8，波特率 256000...
2026-04-06 13:21:03 [INFO] 串口连接成功: COM8
2026-04-06 13:21:03 [INFO] 开始数据采集...
2026-04-06 13:21:03 [INFO] 数据文件已创建: ./data\vibration_1775452863.csv
2026-04-06 13:21:16 [INFO] 收到信号 2，正在停止采集...
2026-04-06 13:21:16 [INFO] 数据文件已关闭
2026-04-06 13:21:16 [INFO] 串口连接已关闭
2026-04-06 13:21:16 [INFO] 数据采集已停止
2026-04-06 13:21:16 [INFO] 数据采集已停止
2026-04-06 13:21:19 [INFO] 高频振动数据采集器初始化完成
2026-04-06 13:21:19 [INFO] 正在连接串口 COM8，波特率 256000...
2026-04-06 13:21:19 [INFO] 串口连接成功: COM8
2026-04-06 13:21:19 [INFO] 开始数据采集...
2026-04-06 13:21:19 [INFO] 数据文件已创建: ./data\vibration_1775452879.csv
2026-04-06 13:21:44 [INFO] 收到信号 2，正在停止采集...
2026-04-06 13:21:44 [INFO] 数据文件已关闭
2026-04-06 13:21:44 [INFO] 串口连接已关闭
2026-04-06 13:21:44 [INFO] 数据采集已停止
2026-04-06 13:21:44 [INFO] 数据采集已停止
2026-04-06 13:21:45 [INFO] 高频振动数据采集器初始化完成
2026-04-06 13:21:45 [INFO] 正在连接串口 COM8，波特率 256000...
2026-04-06 13:21:45 [INFO] 串口连接成功: COM8
2026-04-06 13:21:45 [INFO] 开始数据采集...
2026-04-06 13:21:45 [INFO] 数据文件已创建: ./data\vibration_1775452905.csv
2026-04-06 13:21:51 [INFO] 收到信号 2，正在停止采集...
2026-04-06 13:21:51 [INFO] 数据文件已关闭
2026-04-06 13:21:51 [INFO] 串口连接已关闭
2026-04-06 13:21:51 [INFO] 数据采集已停止
2026-04-06 13:21:51 [INFO] 数据采集已停止
2026-04-06 13:22:06 [INFO] 高频振动数据采集器初始化完成
2026-04-06 13:22:06 [INFO] 正在连接串口 COM8，波特率 256000...
2026-04-06 13:22:06 [INFO] 串口连接成功: COM8
2026-04-06 13:22:06 [INFO] 开始数据采集...
2026-04-06 13:22:06 [INFO] 数据文件已创建: ./data\vibration_1775452926.csv
2026-04-06 13:22:42 [INFO] 收到信号 2，正在停止采集...
2026-04-06 13:22:42 [INFO] 数据文件已关闭
2026-04-06 13:22:42 [INFO] 串口连接已关闭
2026-04-06 13:22:42 [INFO] 数据采集已停止
2026-04-06 13:22:42 [INFO] 数据采集已停止
2026-04-06 13:22:43 [INFO] 高频振动数据采集器初始化完成
2026-04-06 13:22:43 [INFO] 正在连接串口 COM8，波特率 256000...
2026-04-06 13:22:43 [INFO] 串口连接成功: COM8
2026-04-06 13:22:43 [INFO] 开始数据采集...
2026-04-06 13:22:43 [INFO] 数据文件已创建: ./data\vibration_1775452963.csv
2026-04-06 13:22:53 [INFO] 收到信号 2，正在停止采集...
2026-04-06 13:22:53 [INFO] 数据文件已关闭
2026-04-06 13:22:53 [INFO] 串口连接已关闭
2026-04-06 13:22:53 [INFO] 数据采集已停止
2026-04-06 13:22:53 [INFO] 数据采集已停止
2026-04-06 13:23:07 [INFO] 高频振动数据采集器初始化完成
2026-04-06 13:23:07 [INFO] 正在连接串口 COM8，波特率 256000...
2026-04-06 13:23:07 [INFO] 串口连接成功: COM8
2026-04-06 13:23:07 [INFO] 开始数据采集...
2026-04-06 13:23:07 [INFO] 数据文件已创建: ./data\vibration_1775452987.csv
2026-04-06 13:23:31 [INFO] 收到信号 2，正在停止采集...
2026-04-06 13:23:31 [INFO] 数据文件已关闭
2026-04-06 13:23:31 [INFO] 串口连接已关闭
2026-04-06 13:23:31 [INFO] 数据采集已停止
2026-04-06 13:23:31 [INFO] 数据采集已停止
2026-04-06 13:23:32 [INFO] 高频振动数据采集器初始化完成
2026-04-06 13:23:32 [INFO] 正在连接串口 COM8，波特率 256000...
2026-04-06 13:23:32 [INFO] 串口连接成功: COM8
2026-04-06 13:23:32 [INFO] 开始数据采集...
2026-04-06 13:23:32 [INFO] 数据文件已创建: ./data\vibration_1775453012.csv
2026-04-06 13:23:57 [INFO] 收到信号 2，正在停止采集...
2026-04-06 13:23:57 [INFO] 数据文件已关闭
2026-04-06 13:23:57 [INFO] 串口连接已关闭
2026-04-06 13:23:57 [INFO] 数据采集已停止
2026-04-06 13:23:57 [INFO] 数据采集已停止
2026-04-06 13:23:59 [INFO] 高频振动数据采集器初始化完成
2026-04-06 13:23:59 [INFO] 正在连接串口 COM8，波特率 256000...
2026-04-06 13:23:59 [INFO] 串口连接成功: COM8
2026-04-06 13:23:59 [INFO] 开始数据采集...
2026-04-06 13:23:59 [INFO] 数据文件已创建: ./data\vibration_1775453039.csv
2026-04-06 13:24:47 [INFO] 收到信号 2，正在停止采集...
2026-04-06 13:24:47 [INFO] 数据文件已关闭
2026-04-06 13:24:47 [INFO] 串口连接已关闭
2026-04-06 13:24:47 [INFO] 数据采集已停止
2026-04-06 13:24:47 [INFO] 数据采集已停止
2026-04-06 13:24:48 [INFO] 高频振动数据采集器初始化完成
2026-04-06 13:24:48 [INFO] 正在连接串口 COM8，波特率 256000...
2026-04-06 13:24:48 [INFO] 串口连接成功: COM8
2026-04-06 13:24:48 [INFO] 开始数据采集...
2026-04-06 13:24:48 [INFO] 数据文件已创建: ./data\vibration_1775453088.csv
2026-04-06 13:24:57 [INFO] 收到信号 2，正在停止采集...
2026-04-06 13:24:57 [INFO] 数据文件已关闭
2026-04-06 13:24:57 [INFO] 串口连接已关闭
2026-04-06 13:24:57 [INFO] 数据采集已停止
2026-04-06 13:24:57 [INFO] 数据采集已停止
2026-04-06 13:24:58 [INFO] 高频振动数据采集器初始化完成
2026-04-06 13:24:58 [INFO] 正在连接串口 COM8，波特率 256000...
2026-04-06 13:24:58 [INFO] 串口连接成功: COM8
2026-04-06 13:24:58 [INFO] 开始数据采集...
2026-04-06 13:24:58 [INFO] 数据文件已创建: ./data\vibration_1775453098.csv
2026-04-06 13:27:18 [INFO] 收到信号 2，正在停止采集...
2026-04-06 13:27:18 [INFO] 数据文件已关闭
2026-04-06 13:27:18 [INFO] 串口连接已关闭
2026-04-06 13:27:18 [INFO] 数据采集已停止
2026-04-06 13:27:18 [INFO] 数据采集已停止
2026-04-06 13:27:19 [INFO] 高频振动数据采集器初始化完成
2026-04-06 13:27:19 [INFO] 正在连接串口 COM8，波特率 256000...
2026-04-06 13:27:19 [INFO] 串口连接成功: COM8
2026-04-06 13:27:19 [INFO] 开始数据采集...
2026-04-06 13:27:19 [INFO] 数据文件已创建: ./data\vibration_1775453239.csv
2026-04-06 13:28:43 [INFO] 收到信号 2，正在停止采集...
2026-04-06 13:28:43 [INFO] 数据文件已关闭
2026-04-06 13:28:43 [INFO] 串口连接已关闭
2026-04-06 13:28:43 [INFO] 数据采集已停止
2026-04-06 13:28:43 [INFO] 数据采集已停止
2026-04-06 13:28:45 [INFO] 高频振动数据采集器初始化完成
2026-04-06 13:28:45 [INFO] 正在连接串口 COM8，波特率 256000...
2026-04-06 13:28:45 [INFO] 串口连接成功: COM8
2026-04-06 13:28:45 [INFO] 开始数据采集...
2026-04-06 13:28:45 [INFO] 数据文件已创建: ./data\vibration_1775453325.csv
2026-04-06 13:29:15 [INFO] 收到信号 2，正在停止采集...
2026-04-06 13:29:15 [INFO] 数据文件已关闭
2026-04-06 13:29:15 [INFO] 串口连接已关闭
2026-04-06 13:29:15 [INFO] 数据采集已停止
2026-04-06 13:29:15 [INFO] 数据采集已停止
2026-04-06 13:29:18 [INFO] 高频振动数据采集器初始化完成
2026-04-06 13:29:18 [INFO] 正在连接串口 COM8，波特率 256000...
2026-04-06 13:29:18 [INFO] 串口连接成功: COM8
2026-04-06 13:29:18 [INFO] 开始数据采集...
2026-04-06 13:29:18 [INFO] 数据文件已创建: ./data\vibration_1775453358.csv
2026-04-06 13:31:02 [INFO] 收到信号 2，正在停止采集...
2026-04-06 13:31:02 [INFO] 数据文件已关闭
2026-04-06 13:31:02 [INFO] 串口连接已关闭
2026-04-06 13:31:02 [INFO] 数据采集已停止
2026-04-06 13:31:02 [INFO] 数据采集已停止
2026-04-06 13:31:24 [INFO] 高频振动数据采集器初始化完成
2026-04-06 13:31:24 [INFO] 正在连接串口 COM8，波特率 256000...
2026-04-06 13:31:24 [INFO] 串口连接成功: COM8
2026-04-06 13:31:24 [INFO] 开始数据采集...
2026-04-06 13:31:24 [INFO] 数据文件已创建: ./data\vibration_1775453484.csv
2026-04-06 13:31:40 [INFO] 收到信号 2，正在停止采集...
2026-04-06 13:31:40 [INFO] 数据文件已关闭
2026-04-06 13:31:40 [INFO] 串口连接已关闭
2026-04-06 13:31:40 [INFO] 数据采集已停止
2026-04-06 13:31:40 [INFO] 数据采集已停止
2026-04-06 13:31:42 [INFO] 高频振动数据采集器初始化完成
2026-04-06 13:31:42 [INFO] 正在连接串口 COM8，波特率 256000...
2026-04-06 13:31:42 [INFO] 串口连接成功: COM8
2026-04-06 13:31:42 [INFO] 开始数据采集...
2026-04-06 13:31:42 [INFO] 数据文件已创建: ./data\vibration_1775453502.csv
2026-04-06 13:31:48 [INFO] 收到信号 2，正在停止采集...
2026-04-06 13:31:48 [INFO] 数据文件已关闭
2026-04-06 13:31:48 [INFO] 串口连接已关闭
2026-04-06 13:31:48 [INFO] 数据采集已停止
2026-04-06 13:31:48 [INFO] 数据采集已停止
2026-04-06 13:31:56 [INFO] 高频振动数据采集器初始化完成
2026-04-06 13:31:56 [INFO] 正在连接串口 COM8，波特率 256000...
2026-04-06 13:31:56 [INFO] 串口连接成功: COM8
2026-04-06 13:31:56 [INFO] 开始数据采集...
2026-04-06 13:31:56 [INFO] 数据文件已创建: ./data\vibration_1775453516.csv
2026-04-06 13:32:10 [INFO] 收到信号 2，正在停止采集...
2026-04-06 13:32:10 [INFO] 数据文件已关闭
2026-04-06 13:32:10 [INFO] 串口连接已关闭
2026-04-06 13:32:10 [INFO] 数据采集已停止
2026-04-06 13:32:10 [INFO] 数据采集已停止
2026-04-06 13:32:11 [INFO] 高频振动数据采集器初始化完成
2026-04-06 13:32:11 [INFO] 正在连接串口 COM8，波特率 256000...
2026-04-06 13:32:11 [INFO] 串口连接成功: COM8
2026-04-06 13:32:11 [INFO] 开始数据采集...
2026-04-06 13:32:11 [INFO] 数据文件已创建: ./data\vibration_1775453531.csv
2026-04-06 13:32:20 [INFO] 收到信号 2，正在停止采集...
2026-04-06 13:32:20 [INFO] 数据文件已关闭
2026-04-06 13:32:20 [INFO] 串口连接已关闭
2026-04-06 13:32:20 [INFO] 数据采集已停止
2026-04-06 13:32:20 [INFO] 数据采集已停止
2026-04-06 13:32:36 [INFO] 高频振动数据采集器初始化完成
2026-04-06 13:32:36 [INFO] 正在连接串口 COM8，波特率 256000...
2026-04-06 13:32:36 [INFO] 串口连接成功: COM8
2026-04-06 13:32:36 [INFO] 开始数据采集...
2026-04-06 13:32:36 [INFO] 数据文件已创建: ./data\vibration_1775453556.csv
2026-04-06 13:32:43 [INFO] 收到信号 2，正在停止采集...
2026-04-06 13:32:43 [INFO] 数据文件已关闭
2026-04-06 13:32:43 [INFO] 串口连接已关闭
2026-04-06 13:32:43 [INFO] 数据采集已停止
2026-04-06 13:32:43 [INFO] 数据采集已停止
2026-04-06 13:32:55 [INFO] 高频振动数据采集器初始化完成
2026-04-06 13:32:55 [INFO] 正在连接串口 COM8，波特率 256000...
2026-04-06 13:32:55 [INFO] 串口连接成功: COM8
2026-04-06 13:32:55 [INFO] 开始数据采集...
2026-04-06 13:32:55 [INFO] 数据文件已创建: ./data\vibration_1775453575.csv
2026-04-06 13:33:00 [INFO] 收到信号 2，正在停止采集...
2026-04-06 13:33:00 [INFO] 数据文件已关闭
2026-04-06 13:33:00 [INFO] 串口连接已关闭
2026-04-06 13:33:00 [INFO] 数据采集已停止
2026-04-06 13:33:00 [INFO] 数据采集已停止
2026-04-06 13:33:02 [INFO] 高频振动数据采集器初始化完成
2026-04-06 13:33:02 [INFO] 正在连接串口 COM8，波特率 256000...
2026-04-06 13:33:02 [INFO] 串口连接成功: COM8
2026-04-06 13:33:02 [INFO] 开始数据采集...
2026-04-06 13:33:02 [INFO] 数据文件已创建: ./data\vibration_1775453582.csv
2026-04-06 13:33:09 [INFO] 收到信号 2，正在停止采集...
2026-04-06 13:33:09 [INFO] 数据文件已关闭
2026-04-06 13:33:09 [INFO] 串口连接已关闭
2026-04-06 13:33:09 [INFO] 数据采集已停止
2026-04-06 13:33:09 [INFO] 数据采集已停止
2026-04-06 13:33:27 [INFO] 高频振动数据采集器初始化完成
2026-04-06 13:33:27 [INFO] 正在连接串口 COM8，波特率 256000...
2026-04-06 13:33:27 [INFO] 串口连接成功: COM8
2026-04-06 13:33:27 [INFO] 开始数据采集...
2026-04-06 13:33:27 [INFO] 数据文件已创建: ./data\vibration_1775453607.csv
2026-04-06 13:33:32 [INFO] 收到信号 2，正在停止采集...
2026-04-06 13:33:32 [INFO] 数据文件已关闭
2026-04-06 13:33:32 [INFO] 串口连接已关闭
2026-04-06 13:33:32 [INFO] 数据采集已停止
2026-04-06 13:33:32 [INFO] 数据采集已停止
2026-04-06 13:33:34 [INFO] 高频振动数据采集器初始化完成
2026-04-06 13:33:34 [INFO] 正在连接串口 COM8，波特率 256000...
2026-04-06 13:33:34 [INFO] 串口连接成功: COM8
2026-04-06 13:33:34 [INFO] 开始数据采集...
2026-04-06 13:33:34 [INFO] 数据文件已创建: ./data\vibration_1775453614.csv
2026-04-06 13:34:07 [INFO] 收到信号 2，正在停止采集...
2026-04-06 13:34:07 [INFO] 数据文件已关闭
2026-04-06 13:34:07 [INFO] 串口连接已关闭
2026-04-06 13:34:07 [INFO] 数据采集已停止
2026-04-06 13:34:07 [INFO] 数据采集已停止
2026-04-06 13:34:09 [INFO] 高频振动数据采集器初始化完成
2026-04-06 13:34:09 [INFO] 正在连接串口 COM8，波特率 256000...
2026-04-06 13:34:09 [INFO] 串口连接成功: COM8
2026-04-06 13:34:09 [INFO] 开始数据采集...
2026-04-06 13:34:09 [INFO] 数据文件已创建: ./data\vibration_1775453649.csv
2026-04-06 13:34:18 [INFO] 收到信号 2，正在停止采集...
2026-04-06 13:34:18 [INFO] 数据文件已关闭
2026-04-06 13:34:18 [INFO] 串口连接已关闭
2026-04-06 13:34:18 [INFO] 数据采集已停止
2026-04-06 13:34:18 [INFO] 数据采集已停止
2026-04-06 13:34:25 [INFO] 高频振动数据采集器初始化完成
2026-04-06 13:34:25 [INFO] 正在连接串口 COM8，波特率 256000...
2026-04-06 13:34:25 [INFO] 串口连接成功: COM8
2026-04-06 13:34:25 [INFO] 开始数据采集...
2026-04-06 13:34:25 [INFO] 数据文件已创建: ./data\vibration_1775453665.csv
2026-04-06 13:34:44 [INFO] 收到信号 2，正在停止采集...
2026-04-06 13:34:44 [INFO] 数据文件已关闭
2026-04-06 13:34:44 [INFO] 串口连接已关闭
2026-04-06 13:34:44 [INFO] 数据采集已停止
2026-04-06 13:34:44 [INFO] 数据采集已停止
2026-04-06 13:34:47 [INFO] 高频振动数据采集器初始化完成
2026-04-06 13:34:47 [INFO] 正在连接串口 COM8，波特率 256000...
2026-04-06 13:34:47 [INFO] 串口连接成功: COM8
2026-04-06 13:34:47 [INFO] 开始数据采集...
2026-04-06 13:34:47 [INFO] 数据文件已创建: ./data\vibration_1775453687.csv
2026-04-06 13:36:26 [INFO] 收到信号 2，正在停止采集...
2026-04-06 13:36:26 [INFO] 数据文件已关闭
2026-04-06 13:36:26 [INFO] 串口连接已关闭
2026-04-06 13:36:26 [INFO] 数据采集已停止
2026-04-06 13:36:26 [INFO] 数据采集已停止
2026-04-06 13:36:27 [INFO] 高频振动数据采集器初始化完成
2026-04-06 13:36:27 [INFO] 正在连接串口 COM8，波特率 256000...
2026-04-06 13:36:27 [INFO] 串口连接成功: COM8
2026-04-06 13:36:27 [INFO] 开始数据采集...
2026-04-06 13:36:27 [INFO] 数据文件已创建: ./data\vibration_1775453787.csv
2026-04-06 13:36:33 [INFO] 收到信号 2，正在停止采集...
2026-04-06 13:36:33 [INFO] 数据文件已关闭
2026-04-06 13:36:33 [INFO] 串口连接已关闭
2026-04-06 13:36:33 [INFO] 数据采集已停止
2026-04-06 13:36:33 [INFO] 数据采集已停止
2026-04-06 13:37:49 [INFO] 高频振动数据采集器初始化完成
2026-04-06 13:37:49 [INFO] 正在连接串口 COM8，波特率 256000...
2026-04-06 13:37:49 [INFO] 串口连接成功: COM8
2026-04-06 13:37:49 [INFO] 开始数据采集...
2026-04-06 13:37:49 [INFO] 数据文件已创建: ./data\vibration_1775453869.csv
2026-04-06 13:38:03 [INFO] 收到信号 2，正在停止采集...
2026-04-06 13:38:03 [INFO] 数据文件已关闭
2026-04-06 13:38:03 [INFO] 串口连接已关闭
2026-04-06 13:38:03 [INFO] 数据采集已停止
2026-04-06 13:38:03 [INFO] 数据采集已停止
2026-04-06 13:39:46 [INFO] 高频振动数据采集器初始化完成
2026-04-06 13:39:46 [INFO] 正在连接串口 COM8，波特率 256000...
2026-04-06 13:39:46 [INFO] 串口连接成功: COM8
2026-04-06 13:39:46 [INFO] 开始数据采集...
2026-04-06 13:39:46 [INFO] 数据文件已创建: ./data\vibration_1775453986.csv
2026-04-06 13:40:16 [INFO] 收到信号 2，正在停止采集...
2026-04-06 13:40:16 [INFO] 数据文件已关闭
2026-04-06 13:40:16 [INFO] 串口连接已关闭
2026-04-06 13:40:16 [INFO] 数据采集已停止
2026-04-06 13:40:16 [INFO] 数据采集已停止
2026-04-06 13:40:18 [INFO] 高频振动数据采集器初始化完成
2026-04-06 13:40:18 [INFO] 正在连接串口 COM8，波特率 256000...
2026-04-06 13:40:18 [INFO] 串口连接成功: COM8
2026-04-06 13:40:18 [INFO] 开始数据采集...
2026-04-06 13:40:18 [INFO] 数据文件已创建: ./data\vibration_1775454018.csv
2026-04-06 13:40:36 [INFO] 收到信号 2，正在停止采集...
2026-04-06 13:40:36 [INFO] 数据文件已关闭
2026-04-06 13:40:36 [INFO] 串口连接已关闭
2026-04-06 13:40:36 [INFO] 数据采集已停止
2026-04-06 13:40:36 [INFO] 数据采集已停止
2026-04-06 13:40:38 [INFO] 高频振动数据采集器初始化完成
2026-04-06 13:40:38 [INFO] 正在连接串口 COM8，波特率 256000...
2026-04-06 13:40:38 [INFO] 串口连接成功: COM8
2026-04-06 13:40:38 [INFO] 开始数据采集...
2026-04-06 13:40:38 [INFO] 数据文件已创建: ./data\vibration_1775454038.csv
2026-04-06 13:40:48 [INFO] 收到信号 2，正在停止采集...
2026-04-06 13:40:48 [INFO] 数据文件已关闭
2026-04-06 13:40:48 [INFO] 串口连接已关闭
2026-04-06 13:40:48 [INFO] 数据采集已停止
2026-04-06 13:40:48 [INFO] 数据采集已停止
2026-04-06 13:43:05 [INFO] 高频振动数据采集器初始化完成
2026-04-06 13:43:05 [INFO] 正在连接串口 COM8，波特率 256000...
2026-04-06 13:43:05 [INFO] 串口连接成功: COM8
2026-04-06 13:43:05 [INFO] 开始数据采集...
2026-04-06 13:43:05 [INFO] 数据文件已创建: ./data\vibration_1775454185.csv
2026-04-06 13:43:10 [INFO] 收到信号 2，正在停止采集...
2026-04-06 13:43:10 [INFO] 数据文件已关闭
2026-04-06 13:43:10 [INFO] 串口连接已关闭
2026-04-06 13:43:10 [INFO] 数据采集已停止
2026-04-06 13:43:10 [INFO] 数据采集已停止
2026-04-06 13:43:11 [INFO] 高频振动数据采集器初始化完成
2026-04-06 13:43:11 [INFO] 正在连接串口 COM8，波特率 256000...
2026-04-06 13:43:11 [INFO] 串口连接成功: COM8
2026-04-06 13:43:11 [INFO] 开始数据采集...
2026-04-06 13:43:11 [INFO] 数据文件已创建: ./data\vibration_1775454191.csv
2026-04-06 13:43:14 [INFO] 收到信号 2，正在停止采集...
2026-04-06 13:43:14 [INFO] 数据文件已关闭
2026-04-06 13:43:14 [INFO] 串口连接已关闭
2026-04-06 13:43:14 [INFO] 数据采集已停止
2026-04-06 13:43:14 [INFO] 数据采集已停止
2026-04-06 13:52:05 [INFO] 高频振动数据采集器初始化完成
2026-04-06 13:52:05 [INFO] 正在连接串口 COM8，波特率 256000...
2026-04-06 13:52:05 [INFO] 串口连接成功: COM8
2026-04-06 13:52:05 [INFO] 开始数据采集...
2026-04-06 13:52:05 [INFO] 数据文件已创建: ./data\vibration_1775454725.csv
2026-04-06 13:52:11 [INFO] 收到信号 2，正在停止采集...
2026-04-06 13:52:11 [INFO] 数据文件已关闭
2026-04-06 13:52:11 [INFO] 串口连接已关闭
2026-04-06 13:52:11 [INFO] 数据采集已停止
2026-04-06 13:52:11 [INFO] 数据采集已停止
2026-04-06 13:52:20 [INFO] 高频振动数据采集器初始化完成
2026-04-06 13:52:20 [INFO] 正在连接串口 COM8，波特率 256000...
2026-04-06 13:52:20 [INFO] 串口连接成功: COM8
2026-04-06 13:52:20 [INFO] 开始数据采集...
2026-04-06 13:52:20 [INFO] 数据文件已创建: ./data\vibration_1775454740.csv
2026-04-06 13:52:25 [INFO] 收到信号 2，正在停止采集...
2026-04-06 13:52:25 [INFO] 数据文件已关闭
2026-04-06 13:52:25 [INFO] 串口连接已关闭
2026-04-06 13:52:25 [INFO] 数据采集已停止
2026-04-06 13:52:25 [INFO] 数据采集已停止
2026-04-06 13:52:32 [INFO] 高频振动数据采集器初始化完成
2026-04-06 13:52:32 [INFO] 正在连接串口 COM8，波特率 256000...
2026-04-06 13:52:32 [INFO] 串口连接成功: COM8
2026-04-06 13:52:32 [INFO] 开始数据采集...
2026-04-06 13:52:32 [INFO] 数据文件已创建: ./data\vibration_1775454752.csv
2026-04-06 13:56:03 [INFO] 收到信号 2，正在停止采集...
2026-04-06 13:56:03 [INFO] 数据文件已关闭
2026-04-06 13:56:03 [INFO] 串口连接已关闭
2026-04-06 13:56:03 [INFO] 数据采集已停止
2026-04-06 13:56:03 [ERROR] 串口读取错误: ClearCommError failed (OSError(9, '句柄无效。', None, 6))
2026-04-06 13:56:03 [INFO] 数据采集已停止
2026-04-06 13:56:04 [INFO] 高频振动数据采集器初始化完成
2026-04-06 13:56:04 [INFO] 正在连接串口 COM8，波特率 256000...
2026-04-06 13:56:04 [INFO] 串口连接成功: COM8
2026-04-06 13:56:04 [INFO] 开始数据采集...
2026-04-06 13:56:04 [INFO] 数据文件已创建: ./data\vibration_1775454964.csv
2026-04-06 13:56:08 [INFO] 收到信号 2，正在停止采集...
2026-04-06 13:56:08 [INFO] 数据文件已关闭
2026-04-06 13:56:08 [INFO] 串口连接已关闭
2026-04-06 13:56:08 [INFO] 数据采集已停止
2026-04-06 13:56:08 [INFO] 数据采集已停止
2026-04-06 13:56:58 [INFO] 高频振动数据采集器初始化完成
2026-04-06 13:56:58 [INFO] 正在连接串口 COM8，波特率 256000...
2026-04-06 13:56:58 [INFO] 串口连接成功: COM8
2026-04-06 13:56:58 [INFO] 开始数据采集...
2026-04-06 13:56:58 [INFO] 数据文件已创建: ./data\vibration_1775455018.csv
2026-04-06 13:57:18 [INFO] 收到信号 2，正在停止采集...
2026-04-06 13:57:18 [INFO] 数据文件已关闭
2026-04-06 13:57:18 [INFO] 串口连接已关闭
2026-04-06 13:57:18 [INFO] 数据采集已停止
2026-04-06 13:57:18 [INFO] 数据采集已停止
2026-04-06 13:57:19 [INFO] 高频振动数据采集器初始化完成
2026-04-06 13:57:19 [INFO] 正在连接串口 COM8，波特率 256000...
2026-04-06 13:57:19 [INFO] 串口连接成功: COM8
2026-04-06 13:57:19 [INFO] 开始数据采集...
2026-04-06 13:57:19 [INFO] 数据文件已创建: ./data\vibration_1775455039.csv
2026-04-06 13:57:29 [INFO] 收到信号 2，正在停止采集...
2026-04-06 13:57:29 [INFO] 数据文件已关闭
2026-04-06 13:57:29 [INFO] 串口连接已关闭
2026-04-06 13:57:29 [INFO] 数据采集已停止
2026-04-06 13:57:29 [INFO] 数据采集已停止
2026-04-06 13:57:30 [INFO] 高频振动数据采集器初始化完成
2026-04-06 13:57:30 [INFO] 正在连接串口 COM8，波特率 256000...
2026-04-06 13:57:30 [INFO] 串口连接成功: COM8
2026-04-06 13:57:30 [INFO] 开始数据采集...
2026-04-06 13:57:30 [INFO] 数据文件已创建: ./data\vibration_1775455050.csv
2026-04-06 13:57:44 [INFO] 收到信号 2，正在停止采集...
2026-04-06 13:57:44 [INFO] 数据文件已关闭
2026-04-06 13:57:44 [INFO] 串口连接已关闭
2026-04-06 13:57:44 [INFO] 数据采集已停止
2026-04-06 13:57:44 [INFO] 数据采集已停止
2026-04-06 13:57:45 [INFO] 高频振动数据采集器初始化完成
2026-04-06 13:57:45 [INFO] 正在连接串口 COM8，波特率 256000...
2026-04-06 13:57:45 [INFO] 串口连接成功: COM8
2026-04-06 13:57:45 [INFO] 开始数据采集...
2026-04-06 13:57:45 [INFO] 数据文件已创建: ./data\vibration_1775455065.csv
2026-04-06 13:58:02 [INFO] 收到信号 2，正在停止采集...
2026-04-06 13:58:02 [INFO] 数据文件已关闭
2026-04-06 13:58:02 [INFO] 串口连接已关闭
2026-04-06 13:58:02 [INFO] 数据采集已停止
2026-04-06 13:58:02 [INFO] 数据采集已停止
2026-04-06 13:58:03 [INFO] 高频振动数据采集器初始化完成
2026-04-06 13:58:03 [INFO] 正在连接串口 COM8，波特率 256000...
2026-04-06 13:58:03 [INFO] 串口连接成功: COM8
2026-04-06 13:58:03 [INFO] 开始数据采集...
2026-04-06 13:58:03 [INFO] 数据文件已创建: ./data\vibration_1775455083.csv
2026-04-06 13:58:21 [INFO] 收到信号 2，正在停止采集...
2026-04-06 13:58:21 [INFO] 数据文件已关闭
2026-04-06 13:58:21 [INFO] 串口连接已关闭
2026-04-06 13:58:21 [INFO] 数据采集已停止
2026-04-06 13:58:21 [INFO] 数据采集已停止
2026-04-06 13:58:22 [INFO] 高频振动数据采集器初始化完成
2026-04-06 13:58:22 [INFO] 正在连接串口 COM8，波特率 256000...
2026-04-06 13:58:22 [INFO] 串口连接成功: COM8
2026-04-06 13:58:22 [INFO] 开始数据采集...
2026-04-06 13:58:22 [INFO] 数据文件已创建: ./data\vibration_1775455102.csv
2026-04-06 13:58:36 [INFO] 收到信号 2，正在停止采集...
2026-04-06 13:58:36 [INFO] 数据文件已关闭
2026-04-06 13:58:36 [INFO] 串口连接已关闭
2026-04-06 13:58:36 [INFO] 数据采集已停止
2026-04-06 13:58:36 [INFO] 数据采集已停止
2026-04-06 13:58:37 [INFO] 高频振动数据采集器初始化完成
2026-04-06 13:58:37 [INFO] 正在连接串口 COM8，波特率 256000...
2026-04-06 13:58:37 [INFO] 串口连接成功: COM8
2026-04-06 13:58:37 [INFO] 开始数据采集...
2026-04-06 13:58:37 [INFO] 数据文件已创建: ./data\vibration_1775455117.csv
2026-04-06 14:00:23 [INFO] 收到信号 2，正在停止采集...
2026-04-06 14:00:23 [INFO] 数据文件已关闭
2026-04-06 14:00:23 [INFO] 串口连接已关闭
2026-04-06 14:00:23 [INFO] 数据采集已停止
2026-04-06 14:00:23 [INFO] 数据采集已停止
2026-04-06 14:00:24 [INFO] 高频振动数据采集器初始化完成
2026-04-06 14:00:24 [INFO] 正在连接串口 COM8，波特率 256000...
2026-04-06 14:00:24 [INFO] 串口连接成功: COM8
2026-04-06 14:00:24 [INFO] 开始数据采集...
2026-04-06 14:00:24 [INFO] 数据文件已创建: ./data\vibration_1775455224.csv
2026-04-06 14:00:38 [INFO] 收到信号 2，正在停止采集...
2026-04-06 14:00:38 [INFO] 数据文件已关闭
2026-04-06 14:00:38 [INFO] 串口连接已关闭
2026-04-06 14:00:38 [INFO] 数据采集已停止
2026-04-06 14:00:38 [INFO] 数据采集已停止
2026-04-06 14:00:39 [INFO] 高频振动数据采集器初始化完成
2026-04-06 14:00:39 [INFO] 正在连接串口 COM8，波特率 256000...
2026-04-06 14:00:39 [INFO] 串口连接成功: COM8
2026-04-06 14:00:39 [INFO] 开始数据采集...
2026-04-06 14:00:39 [INFO] 数据文件已创建: ./data\vibration_1775455239.csv
2026-04-06 14:01:26 [INFO] 收到信号 2，正在停止采集...
2026-04-06 14:01:26 [INFO] 数据文件已关闭
2026-04-06 14:01:26 [INFO] 串口连接已关闭
2026-04-06 14:01:26 [INFO] 数据采集已停止
2026-04-06 14:01:26 [INFO] 数据采集已停止
2026-04-06 14:01:28 [INFO] 高频振动数据采集器初始化完成
2026-04-06 14:01:28 [INFO] 正在连接串口 COM8，波特率 256000...
2026-04-06 14:01:28 [INFO] 串口连接成功: COM8
2026-04-06 14:01:28 [INFO] 开始数据采集...
2026-04-06 14:01:28 [INFO] 数据文件已创建: ./data\vibration_1775455288.csv
2026-04-06 14:01:37 [INFO] 收到信号 2，正在停止采集...
2026-04-06 14:01:37 [INFO] 数据文件已关闭
2026-04-06 14:01:37 [INFO] 串口连接已关闭
2026-04-06 14:01:37 [INFO] 数据采集已停止
2026-04-06 14:01:37 [INFO] 数据采集已停止
2026-04-06 14:09:25 [INFO] 高频振动数据采集器初始化完成
2026-04-06 14:09:25 [INFO] 正在连接串口 COM8，波特率 256000...
2026-04-06 14:09:25 [INFO] 串口连接成功: COM8
2026-04-06 14:09:25 [INFO] 开始数据采集...
2026-04-06 14:09:25 [INFO] 数据文件已创建: ./data\vibration_1775455765.csv
2026-04-06 14:12:22 [INFO] 收到信号 2，正在停止采集...
2026-04-06 14:12:22 [INFO] 数据文件已关闭
2026-04-06 14:12:22 [INFO] 串口连接已关闭
2026-04-06 14:12:22 [INFO] 数据采集已停止
2026-04-06 14:12:22 [INFO] 数据采集已停止
2026-04-06 14:12:24 [INFO] 高频振动数据采集器初始化完成
2026-04-06 14:12:24 [INFO] 正在连接串口 COM8，波特率 256000...
2026-04-06 14:12:24 [INFO] 串口连接成功: COM8
2026-04-06 14:12:24 [INFO] 开始数据采集...
2026-04-06 14:12:24 [INFO] 数据文件已创建: ./data\vibration_1775455944.csv
2026-04-06 14:12:54 [ERROR] 串口读取错误: ClearCommError failed (PermissionError(13, '设备不识别此命令。', None, 22))
2026-04-06 14:12:54 [INFO] 数据文件已关闭
2026-04-06 14:12:54 [INFO] 串口连接已关闭
2026-04-06 14:12:54 [INFO] 数据采集已停止
2026-04-06 14:13:01 [INFO] 高频振动数据采集器初始化完成
2026-04-06 14:13:01 [INFO] 正在连接串口 COM8，波特率 256000...
2026-04-06 14:13:01 [INFO] 串口连接成功: COM8
2026-04-06 14:13:01 [INFO] 开始数据采集...
2026-04-06 14:13:01 [INFO] 数据文件已创建: ./data\vibration_1775455981.csv
2026-04-06 14:13:06 [INFO] 收到信号 2，正在停止采集...
2026-04-06 14:13:06 [INFO] 数据文件已关闭
2026-04-06 14:13:06 [INFO] 串口连接已关闭
2026-04-06 14:13:06 [INFO] 数据采集已停止
2026-04-06 14:13:06 [INFO] 数据采集已停止
2026-04-06 14:13:09 [INFO] 高频振动数据采集器初始化完成
2026-04-06 14:13:09 [INFO] 正在连接串口 COM8，波特率 256000...
2026-04-06 14:13:09 [INFO] 串口连接成功: COM8
2026-04-06 14:13:09 [INFO] 开始数据采集...
2026-04-06 14:13:09 [INFO] 数据文件已创建: ./data\vibration_1775455989.csv
2026-04-06 14:14:00 [INFO] 收到信号 2，正在停止采集...
2026-04-06 14:14:00 [INFO] 数据文件已关闭
2026-04-06 14:14:00 [INFO] 串口连接已关闭
2026-04-06 14:14:00 [INFO] 数据采集已停止
2026-04-06 14:14:00 [INFO] 数据采集已停止
2026-04-06 14:14:01 [INFO] 高频振动数据采集器初始化完成
2026-04-06 14:14:01 [INFO] 正在连接串口 COM8，波特率 256000...
2026-04-06 14:14:01 [INFO] 串口连接成功: COM8
2026-04-06 14:14:01 [INFO] 开始数据采集...
2026-04-06 14:14:01 [INFO] 数据文件已创建: ./data\vibration_1775456041.csv
2026-04-06 14:14:15 [INFO] 收到信号 2，正在停止采集...
2026-04-06 14:14:15 [INFO] 数据文件已关闭
2026-04-06 14:14:15 [INFO] 串口连接已关闭
2026-04-06 14:14:15 [INFO] 数据采集已停止
2026-04-06 14:14:15 [INFO] 数据采集已停止
2026-04-06 14:14:16 [INFO] 高频振动数据采集器初始化完成
2026-04-06 14:14:16 [INFO] 正在连接串口 COM8，波特率 256000...
2026-04-06 14:14:16 [INFO] 串口连接成功: COM8
2026-04-06 14:14:16 [INFO] 开始数据采集...
2026-04-06 14:14:16 [INFO] 数据文件已创建: ./data\vibration_1775456056.csv
2026-04-06 14:14:20 [INFO] 收到信号 2，正在停止采集...
2026-04-06 14:14:20 [INFO] 数据文件已关闭
2026-04-06 14:14:20 [INFO] 串口连接已关闭
2026-04-06 14:14:20 [INFO] 数据采集已停止
2026-04-06 14:14:20 [INFO] 数据采集已停止
2026-04-06 14:14:21 [INFO] 高频振动数据采集器初始化完成
2026-04-06 14:14:21 [INFO] 正在连接串口 COM8，波特率 256000...
2026-04-06 14:14:21 [INFO] 串口连接成功: COM8
2026-04-06 14:14:21 [INFO] 开始数据采集...
2026-04-06 14:14:21 [INFO] 数据文件已创建: ./data\vibration_1775456061.csv
2026-04-06 14:14:25 [INFO] 收到信号 2，正在停止采集...
2026-04-06 14:14:25 [INFO] 数据文件已关闭
2026-04-06 14:14:25 [INFO] 串口连接已关闭
2026-04-06 14:14:25 [INFO] 数据采集已停止
2026-04-06 14:14:25 [INFO] 数据采集已停止
2026-04-06 14:14:26 [INFO] 高频振动数据采集器初始化完成
2026-04-06 14:14:26 [INFO] 正在连接串口 COM8，波特率 256000...
2026-04-06 14:14:26 [INFO] 串口连接成功: COM8
2026-04-06 14:14:26 [INFO] 开始数据采集...
2026-04-06 14:14:26 [INFO] 数据文件已创建: ./data\vibration_1775456066.csv
2026-04-06 14:14:30 [INFO] 收到信号 2，正在停止采集...
2026-04-06 14:14:30 [INFO] 数据文件已关闭
2026-04-06 14:14:30 [INFO] 串口连接已关闭
2026-04-06 14:14:30 [INFO] 数据采集已停止
2026-04-06 14:14:30 [INFO] 数据采集已停止
2026-04-06 14:14:55 [INFO] 高频振动数据采集器初始化完成
2026-04-06 14:14:55 [INFO] 正在连接串口 COM8，波特率 256000...
2026-04-06 14:14:55 [INFO] 串口连接成功: COM8
2026-04-06 14:14:55 [INFO] 开始数据采集...
2026-04-06 14:14:55 [INFO] 数据文件已创建: ./data\vibration_1775456095.csv
2026-04-06 14:15:11 [INFO] 收到信号 2，正在停止采集...
2026-04-06 14:15:11 [INFO] 数据文件已关闭
2026-04-06 14:15:11 [INFO] 串口连接已关闭
2026-04-06 14:15:11 [INFO] 数据采集已停止
2026-04-06 14:15:11 [INFO] 数据采集已停止
2026-04-06 14:15:12 [INFO] 高频振动数据采集器初始化完成
2026-04-06 14:15:12 [INFO] 正在连接串口 COM8，波特率 256000...
2026-04-06 14:15:12 [INFO] 串口连接成功: COM8
2026-04-06 14:15:12 [INFO] 开始数据采集...
2026-04-06 14:15:12 [INFO] 数据文件已创建: ./data\vibration_1775456112.csv
2026-04-06 14:15:55 [INFO] 收到信号 2，正在停止采集...
2026-04-06 14:15:55 [INFO] 数据文件已关闭
2026-04-06 14:15:55 [INFO] 串口连接已关闭
2026-04-06 14:15:55 [INFO] 数据采集已停止
2026-04-06 14:15:55 [INFO] 数据采集已停止
2026-04-06 14:15:57 [INFO] 高频振动数据采集器初始化完成
2026-04-06 14:15:57 [INFO] 正在连接串口 COM8，波特率 256000...
2026-04-06 14:15:57 [INFO] 串口连接成功: COM8
2026-04-06 14:15:57 [INFO] 开始数据采集...
2026-04-06 14:15:57 [INFO] 数据文件已创建: ./data\vibration_1775456157.csv
2026-04-06 14:16:06 [INFO] 收到信号 2，正在停止采集...
2026-04-06 14:16:06 [INFO] 数据文件已关闭
2026-04-06 14:16:06 [INFO] 串口连接已关闭
2026-04-06 14:16:06 [INFO] 数据采集已停止
2026-04-06 14:16:06 [INFO] 数据采集已停止
2026-04-06 14:16:07 [INFO] 高频振动数据采集器初始化完成
2026-04-06 14:16:07 [INFO] 正在连接串口 COM8，波特率 256000...
2026-04-06 14:16:07 [INFO] 串口连接成功: COM8
2026-04-06 14:16:07 [INFO] 开始数据采集...
2026-04-06 14:16:07 [INFO] 数据文件已创建: ./data\vibration_1775456167.csv
2026-04-06 14:16:17 [ERROR] 串口读取错误: ClearCommError failed (PermissionError(13, '设备不识别此命令。', None, 22))
2026-04-06 14:16:17 [INFO] 数据文件已关闭
2026-04-06 14:16:17 [INFO] 串口连接已关闭
2026-04-06 14:16:17 [INFO] 数据采集已停止
2026-04-06 14:16:27 [INFO] 高频振动数据采集器初始化完成
2026-04-06 14:16:27 [INFO] 正在连接串口 COM8，波特率 256000...
2026-04-06 14:16:27 [INFO] 串口连接成功: COM8
2026-04-06 14:16:27 [INFO] 开始数据采集...
2026-04-06 14:16:27 [INFO] 数据文件已创建: ./data\vibration_1775456187.csv
2026-04-06 14:16:55 [INFO] 收到信号 2，正在停止采集...
2026-04-06 14:16:55 [INFO] 数据文件已关闭
2026-04-06 14:16:55 [INFO] 串口连接已关闭
2026-04-06 14:16:55 [INFO] 数据采集已停止
2026-04-06 14:16:55 [INFO] 数据采集已停止
2026-04-06 14:16:56 [INFO] 高频振动数据采集器初始化完成
2026-04-06 14:16:56 [INFO] 正在连接串口 COM8，波特率 256000...
2026-04-06 14:16:56 [INFO] 串口连接成功: COM8
2026-04-06 14:16:56 [INFO] 开始数据采集...
2026-04-06 14:16:56 [INFO] 数据文件已创建: ./data\vibration_1775456216.csv
2026-04-06 14:17:00 [INFO] 收到信号 2，正在停止采集...
2026-04-06 14:17:00 [INFO] 数据文件已关闭
2026-04-06 14:17:00 [INFO] 串口连接已关闭
2026-04-06 14:17:00 [INFO] 数据采集已停止
2026-04-06 14:17:00 [INFO] 数据采集已停止
2026-04-06 14:17:26 [INFO] 高频振动数据采集器初始化完成
2026-04-06 14:17:26 [INFO] 正在连接串口 COM8，波特率 256000...
2026-04-06 14:17:26 [INFO] 串口连接成功: COM8
2026-04-06 14:17:26 [INFO] 开始数据采集...
2026-04-06 14:17:26 [INFO] 数据文件已创建: ./data\vibration_1775456246.csv
2026-04-06 14:17:35 [INFO] 收到信号 2，正在停止采集...
2026-04-06 14:17:35 [INFO] 数据文件已关闭
2026-04-06 14:17:35 [INFO] 串口连接已关闭
2026-04-06 14:17:35 [INFO] 数据采集已停止
2026-04-06 14:17:35 [INFO] 数据采集已停止
2026-04-06 14:17:36 [INFO] 高频振动数据采集器初始化完成
2026-04-06 14:17:36 [INFO] 正在连接串口 COM8，波特率 256000...
2026-04-06 14:17:36 [INFO] 串口连接成功: COM8
2026-04-06 14:17:36 [INFO] 开始数据采集...
2026-04-06 14:17:36 [INFO] 数据文件已创建: ./data\vibration_1775456256.csv
2026-04-06 14:18:23 [INFO] 收到信号 2，正在停止采集...
2026-04-06 14:18:23 [INFO] 数据文件已关闭
2026-04-06 14:18:23 [INFO] 串口连接已关闭
2026-04-06 14:18:23 [INFO] 数据采集已停止
2026-04-06 14:18:23 [INFO] 数据采集已停止
2026-04-06 14:18:25 [INFO] 高频振动数据采集器初始化完成
2026-04-06 14:18:25 [INFO] 正在连接串口 COM8，波特率 256000...
2026-04-06 14:18:25 [INFO] 串口连接成功: COM8
2026-04-06 14:18:25 [INFO] 开始数据采集...
2026-04-06 14:18:25 [INFO] 数据文件已创建: ./data\vibration_1775456305.csv
2026-04-06 14:18:33 [INFO] 收到信号 2，正在停止采集...
2026-04-06 14:18:33 [INFO] 数据文件已关闭
2026-04-06 14:18:33 [INFO] 串口连接已关闭
2026-04-06 14:18:33 [INFO] 数据采集已停止
2026-04-06 14:18:33 [INFO] 数据采集已停止
2026-04-06 14:18:49 [INFO] 高频振动数据采集器初始化完成
2026-04-06 14:18:49 [INFO] 正在连接串口 COM8，波特率 256000...
2026-04-06 14:18:49 [INFO] 串口连接成功: COM8
2026-04-06 14:18:49 [INFO] 开始数据采集...
2026-04-06 14:18:49 [INFO] 数据文件已创建: ./data\vibration_1775456329.csv
2026-04-06 14:18:53 [INFO] 收到信号 2，正在停止采集...
2026-04-06 14:18:53 [INFO] 数据文件已关闭
2026-04-06 14:18:53 [INFO] 串口连接已关闭
2026-04-06 14:18:53 [INFO] 数据采集已停止
2026-04-06 14:18:53 [INFO] 数据采集已停止
2026-04-06 15:18:17 [INFO] 高频振动数据采集器初始化完成
2026-04-06 15:18:17 [INFO] 正在连接串口 COM8，波特率 256000...
2026-04-06 15:18:17 [INFO] 串口连接成功: COM8
2026-04-06 15:18:17 [INFO] 开始数据采集...
2026-04-06 15:18:17 [INFO] 数据文件已创建: ./data\vibration_1775459897.csv
2026-04-06 15:19:10 [INFO] 收到信号 2，正在停止采集...
2026-04-06 15:19:10 [INFO] 数据文件已关闭
2026-04-06 15:19:10 [INFO] 串口连接已关闭
2026-04-06 15:19:10 [INFO] 数据采集已停止
2026-04-06 15:19:10 [INFO] 数据采集已停止
2026-04-06 15:19:11 [INFO] 高频振动数据采集器初始化完成
2026-04-06 15:19:11 [INFO] 正在连接串口 COM8，波特率 256000...
2026-04-06 15:19:11 [INFO] 串口连接成功: COM8
2026-04-06 15:19:11 [INFO] 开始数据采集...
2026-04-06 15:19:11 [INFO] 数据文件已创建: ./data\vibration_1775459951.csv
2026-04-06 15:19:19 [INFO] 收到信号 2，正在停止采集...
2026-04-06 15:19:19 [INFO] 数据文件已关闭
2026-04-06 15:19:19 [INFO] 串口连接已关闭
2026-04-06 15:19:19 [INFO] 数据采集已停止
2026-04-06 15:19:19 [ERROR] 串口读取错误: ClearCommError failed (OSError(9, '句柄无效。', None, 6))
2026-04-06 15:19:19 [INFO] 数据采集已停止
2026-04-06 15:19:20 [INFO] 高频振动数据采集器初始化完成
2026-04-06 15:19:20 [INFO] 正在连接串口 COM8，波特率 256000...
2026-04-06 15:19:20 [INFO] 串口连接成功: COM8
2026-04-06 15:19:20 [INFO] 开始数据采集...
2026-04-06 15:19:20 [INFO] 数据文件已创建: ./data\vibration_1775459960.csv
2026-04-06 15:19:29 [ERROR] 串口读取错误: ClearCommError failed (PermissionError(13, '设备不识别此命令。', None, 22))
2026-04-06 15:19:29 [INFO] 数据文件已关闭
2026-04-06 15:19:29 [INFO] 串口连接已关闭
2026-04-06 15:19:29 [INFO] 数据采集已停止
2026-04-06 15:19:42 [INFO] 高频振动数据采集器初始化完成
2026-04-06 15:19:42 [INFO] 正在连接串口 COM8，波特率 256000...
2026-04-06 15:19:42 [INFO] 串口连接成功: COM8
2026-04-06 15:19:42 [INFO] 开始数据采集...
2026-04-06 15:19:42 [INFO] 数据文件已创建: ./data\vibration_1775459982.csv
2026-04-06 15:20:12 [INFO] 收到信号 2，正在停止采集...
2026-04-06 15:20:12 [INFO] 数据文件已关闭
2026-04-06 15:20:12 [INFO] 串口连接已关闭
2026-04-06 15:20:12 [INFO] 数据采集已停止
2026-04-06 15:20:12 [INFO] 数据采集已停止
2026-04-06 15:20:14 [INFO] 高频振动数据采集器初始化完成
2026-04-06 15:20:14 [INFO] 正在连接串口 COM8，波特率 256000...
2026-04-06 15:20:14 [INFO] 串口连接成功: COM8
2026-04-06 15:20:14 [INFO] 开始数据采集...
2026-04-06 15:20:14 [INFO] 数据文件已创建: ./data\vibration_1775460014.csv
2026-04-06 15:20:57 [INFO] 收到信号 2，正在停止采集...
2026-04-06 15:20:57 [INFO] 数据文件已关闭
2026-04-06 15:20:57 [INFO] 串口连接已关闭
2026-04-06 15:20:57 [INFO] 数据采集已停止
2026-04-06 15:20:57 [INFO] 数据采集已停止
2026-04-06 15:20:58 [INFO] 高频振动数据采集器初始化完成
2026-04-06 15:20:58 [INFO] 正在连接串口 COM8，波特率 256000...
2026-04-06 15:20:58 [INFO] 串口连接成功: COM8
2026-04-06 15:20:58 [INFO] 开始数据采集...
2026-04-06 15:20:58 [INFO] 数据文件已创建: ./data\vibration_1775460058.csv
2026-04-06 15:21:03 [INFO] 收到信号 2，正在停止采集...
2026-04-06 15:21:03 [INFO] 数据文件已关闭
2026-04-06 15:21:03 [INFO] 串口连接已关闭
2026-04-06 15:21:03 [INFO] 数据采集已停止
2026-04-06 15:21:03 [INFO] 数据采集已停止
2026-04-06 15:21:05 [INFO] 高频振动数据采集器初始化完成
2026-04-06 15:21:05 [INFO] 正在连接串口 COM8，波特率 256000...
2026-04-06 15:21:05 [INFO] 串口连接成功: COM8
2026-04-06 15:21:05 [INFO] 开始数据采集...
2026-04-06 15:21:05 [INFO] 数据文件已创建: ./data\vibration_1775460065.csv
2026-04-06 15:21:15 [INFO] 收到信号 2，正在停止采集...
2026-04-06 15:21:15 [INFO] 数据文件已关闭
2026-04-06 15:21:15 [INFO] 串口连接已关闭
2026-04-06 15:21:15 [INFO] 数据采集已停止
2026-04-06 15:21:15 [INFO] 数据采集已停止
2026-04-06 15:21:16 [INFO] 高频振动数据采集器初始化完成
2026-04-06 15:21:16 [INFO] 正在连接串口 COM8，波特率 256000...
2026-04-06 15:21:16 [INFO] 串口连接成功: COM8
2026-04-06 15:21:16 [INFO] 开始数据采集...
2026-04-06 15:21:16 [INFO] 数据文件已创建: ./data\vibration_1775460076.csv
2026-04-06 15:21:22 [INFO] 收到信号 2，正在停止采集...
2026-04-06 15:21:22 [INFO] 数据文件已关闭
2026-04-06 15:21:22 [INFO] 串口连接已关闭
2026-04-06 15:21:22 [INFO] 数据采集已停止
2026-04-06 15:21:22 [INFO] 数据采集已停止
2026-04-06 15:21:23 [INFO] 高频振动数据采集器初始化完成
2026-04-06 15:21:23 [INFO] 正在连接串口 COM8，波特率 256000...
2026-04-06 15:21:23 [INFO] 串口连接成功: COM8
2026-04-06 15:21:23 [INFO] 开始数据采集...
2026-04-06 15:21:23 [INFO] 数据文件已创建: ./data\vibration_1775460083.csv
2026-04-06 15:21:42 [INFO] 收到信号 2，正在停止采集...
2026-04-06 15:21:42 [INFO] 数据文件已关闭
2026-04-06 15:21:42 [INFO] 串口连接已关闭
2026-04-06 15:21:42 [INFO] 数据采集已停止
2026-04-06 15:21:42 [INFO] 数据采集已停止
2026-04-06 15:21:43 [INFO] 高频振动数据采集器初始化完成
2026-04-06 15:21:43 [INFO] 正在连接串口 COM8，波特率 256000...
2026-04-06 15:21:43 [INFO] 串口连接成功: COM8
2026-04-06 15:21:43 [INFO] 开始数据采集...
2026-04-06 15:21:43 [INFO] 数据文件已创建: ./data\vibration_1775460103.csv
2026-04-06 15:21:52 [INFO] 收到信号 2，正在停止采集...
2026-04-06 15:21:52 [INFO] 数据文件已关闭
2026-04-06 15:21:52 [INFO] 串口连接已关闭
2026-04-06 15:21:52 [INFO] 数据采集已停止
2026-04-06 15:21:52 [INFO] 数据采集已停止
2026-04-06 15:21:53 [INFO] 高频振动数据采集器初始化完成
2026-04-06 15:21:53 [INFO] 正在连接串口 COM8，波特率 256000...
2026-04-06 15:21:53 [INFO] 串口连接成功: COM8
2026-04-06 15:21:53 [INFO] 开始数据采集...
2026-04-06 15:21:53 [INFO] 数据文件已创建: ./data\vibration_1775460113.csv
2026-04-06 15:22:33 [INFO] 收到信号 2，正在停止采集...
2026-04-06 15:22:33 [INFO] 数据文件已关闭
2026-04-06 15:22:33 [INFO] 串口连接已关闭
2026-04-06 15:22:33 [INFO] 数据采集已停止
2026-04-06 15:22:33 [INFO] 数据采集已停止
2026-04-06 15:22:35 [INFO] 高频振动数据采集器初始化完成
2026-04-06 15:22:35 [INFO] 正在连接串口 COM8，波特率 256000...
2026-04-06 15:22:35 [INFO] 串口连接成功: COM8
2026-04-06 15:22:35 [INFO] 开始数据采集...
2026-04-06 15:22:35 [INFO] 数据文件已创建: ./data\vibration_1775460155.csv
2026-04-06 15:22:40 [INFO] 收到信号 2，正在停止采集...
2026-04-06 15:22:40 [INFO] 数据文件已关闭
2026-04-06 15:22:40 [INFO] 串口连接已关闭
2026-04-06 15:22:40 [INFO] 数据采集已停止
2026-04-06 15:22:40 [INFO] 数据采集已停止
2026-04-06 15:22:42 [INFO] 高频振动数据采集器初始化完成
2026-04-06 15:22:42 [INFO] 正在连接串口 COM8，波特率 256000...
2026-04-06 15:22:42 [INFO] 串口连接成功: COM8
2026-04-06 15:22:42 [INFO] 开始数据采集...
2026-04-06 15:22:42 [INFO] 数据文件已创建: ./data\vibration_1775460162.csv
2026-04-06 15:22:45 [INFO] 收到信号 2，正在停止采集...
2026-04-06 15:22:45 [INFO] 数据文件已关闭
2026-04-06 15:22:45 [INFO] 串口连接已关闭
2026-04-06 15:22:45 [INFO] 数据采集已停止
2026-04-06 15:22:45 [INFO] 数据采集已停止
2026-04-06 15:26:05 [INFO] 高频振动数据采集器初始化完成
2026-04-06 15:26:05 [INFO] 正在连接串口 COM8，波特率 256000...
2026-04-06 15:26:05 [INFO] 串口连接成功: COM8
2026-04-06 15:26:05 [INFO] 开始数据采集...
2026-04-06 15:26:05 [INFO] 数据文件已创建: ./data\vibration_1775460365.csv
2026-04-06 15:26:13 [INFO] 收到信号 2，正在停止采集...
2026-04-06 15:26:13 [INFO] 数据文件已关闭
2026-04-06 15:26:13 [INFO] 串口连接已关闭
2026-04-06 15:26:13 [INFO] 数据采集已停止
2026-04-06 15:26:13 [INFO] 数据采集已停止
2026-04-06 15:26:16 [INFO] 高频振动数据采集器初始化完成
2026-04-06 15:26:16 [INFO] 正在连接串口 COM8，波特率 256000...
2026-04-06 15:26:16 [INFO] 串口连接成功: COM8
2026-04-06 15:26:16 [INFO] 开始数据采集...
2026-04-06 15:26:16 [INFO] 数据文件已创建: ./data\vibration_1775460376.csv
2026-04-06 15:26:25 [INFO] 收到信号 2，正在停止采集...
2026-04-06 15:26:25 [INFO] 数据文件已关闭
2026-04-06 15:26:25 [INFO] 串口连接已关闭
2026-04-06 15:26:25 [INFO] 数据采集已停止
2026-04-06 15:26:25 [INFO] 数据采集已停止
2026-04-06 15:42:58 [INFO] 高频振动数据采集器初始化完成
2026-04-06 15:42:58 [INFO] 正在连接串口 COM8，波特率 256000...
2026-04-06 15:42:58 [INFO] 串口连接成功: COM8
2026-04-06 15:42:58 [INFO] 开始数据采集...
2026-04-06 15:42:58 [INFO] 数据文件已创建: ./data\vibration_1775461378.csv
2026-04-06 15:43:15 [INFO] 收到信号 2，正在停止采集...
2026-04-06 15:43:15 [INFO] 数据文件已关闭
2026-04-06 15:43:15 [INFO] 串口连接已关闭
2026-04-06 15:43:15 [INFO] 数据采集已停止
2026-04-06 15:43:15 [INFO] 数据采集已停止
2026-04-06 15:43:16 [INFO] 高频振动数据采集器初始化完成
2026-04-06 15:43:16 [INFO] 正在连接串口 COM8，波特率 256000...
2026-04-06 15:43:16 [INFO] 串口连接成功: COM8
2026-04-06 15:43:16 [INFO] 开始数据采集...
2026-04-06 15:43:16 [INFO] 数据文件已创建: ./data\vibration_1775461396.csv
2026-04-06 15:43:20 [INFO] 收到信号 2，正在停止采集...
2026-04-06 15:43:20 [INFO] 数据文件已关闭
2026-04-06 15:43:20 [INFO] 串口连接已关闭
2026-04-06 15:43:20 [INFO] 数据采集已停止
2026-04-06 15:43:20 [INFO] 数据采集已停止
2026-04-06 15:43:22 [INFO] 高频振动数据采集器初始化完成
2026-04-06 15:43:22 [INFO] 正在连接串口 COM8，波特率 256000...
2026-04-06 15:43:22 [INFO] 串口连接成功: COM8
2026-04-06 15:43:22 [INFO] 开始数据采集...
2026-04-06 15:43:22 [INFO] 数据文件已创建: ./data\vibration_1775461402.csv
2026-04-06 15:46:16 [INFO] 收到信号 2，正在停止采集...
2026-04-06 15:46:16 [INFO] 数据文件已关闭
2026-04-06 15:46:16 [INFO] 串口连接已关闭
2026-04-06 15:46:16 [INFO] 数据采集已停止
2026-04-06 15:46:16 [INFO] 数据采集已停止
2026-04-06 15:46:18 [INFO] 高频振动数据采集器初始化完成
2026-04-06 15:46:18 [INFO] 正在连接串口 COM8，波特率 256000...
2026-04-06 15:46:18 [INFO] 串口连接成功: COM8
2026-04-06 15:46:18 [INFO] 开始数据采集...
2026-04-06 15:46:18 [INFO] 数据文件已创建: ./data\vibration_1775461578.csv
2026-04-06 15:46:21 [INFO] 收到信号 2，正在停止采集...
2026-04-06 15:46:21 [INFO] 数据文件已关闭
2026-04-06 15:46:21 [INFO] 串口连接已关闭
2026-04-06 15:46:21 [INFO] 数据采集已停止
2026-04-06 15:46:21 [INFO] 数据采集已停止
2026-04-06 15:46:22 [INFO] 高频振动数据采集器初始化完成
2026-04-06 15:46:22 [INFO] 正在连接串口 COM8，波特率 256000...
2026-04-06 15:46:22 [INFO] 串口连接成功: COM8
2026-04-06 15:46:22 [INFO] 开始数据采集...
2026-04-06 15:46:22 [INFO] 数据文件已创建: ./data\vibration_1775461582.csv
2026-04-06 15:46:25 [INFO] 收到信号 2，正在停止采集...
2026-04-06 15:46:25 [INFO] 数据文件已关闭
2026-04-06 15:46:25 [INFO] 串口连接已关闭
2026-04-06 15:46:25 [INFO] 数据采集已停止
2026-04-06 15:46:25 [INFO] 数据采集已停止
2026-04-06 15:49:50 [INFO] 高频振动数据采集器初始化完成
2026-04-06 15:49:50 [INFO] 正在连接串口 COM8，波特率 256000...
2026-04-06 15:49:50 [INFO] 串口连接成功: COM8
2026-04-06 15:49:50 [INFO] 开始数据采集...
2026-04-06 15:49:50 [INFO] 数据文件已创建: ./data\vibration_1775461790.csv
2026-04-06 15:49:56 [INFO] 收到信号 2，正在停止采集...
2026-04-06 15:49:56 [INFO] 数据文件已关闭
2026-04-06 15:49:56 [INFO] 串口连接已关闭
2026-04-06 15:49:56 [INFO] 数据采集已停止
2026-04-06 15:49:56 [INFO] 数据采集已停止
2026-04-06 15:49:58 [INFO] 高频振动数据采集器初始化完成
2026-04-06 15:49:58 [INFO] 正在连接串口 COM8，波特率 256000...
2026-04-06 15:49:58 [INFO] 串口连接成功: COM8
2026-04-06 15:49:58 [INFO] 开始数据采集...
2026-04-06 15:49:58 [INFO] 数据文件已创建: ./data\vibration_1775461798.csv
2026-04-06 15:50:10 [ERROR] 串口读取错误: ClearCommError failed (PermissionError(13, '设备不识别此命令。', None, 22))
2026-04-06 15:50:10 [INFO] 数据文件已关闭
2026-04-06 15:50:10 [INFO] 串口连接已关闭
2026-04-06 15:50:10 [INFO] 数据采集已停止
2026-04-06 15:50:22 [INFO] 高频振动数据采集器初始化完成
2026-04-06 15:50:22 [INFO] 正在连接串口 COM8，波特率 256000...
2026-04-06 15:50:22 [INFO] 串口连接成功: COM8
2026-04-06 15:50:22 [INFO] 开始数据采集...
2026-04-06 15:50:22 [INFO] 数据文件已创建: ./data\vibration_1775461822.csv
2026-04-06 15:50:26 [INFO] 收到信号 2，正在停止采集...
2026-04-06 15:50:26 [INFO] 数据文件已关闭
2026-04-06 15:50:26 [INFO] 串口连接已关闭
2026-04-06 15:50:26 [INFO] 数据采集已停止
2026-04-06 15:50:26 [ERROR] 串口读取错误: ClearCommError failed (OSError(9, '句柄无效。', None, 6))
2026-04-06 15:50:26 [INFO] 数据采集已停止
2026-04-06 15:50:28 [INFO] 高频振动数据采集器初始化完成
2026-04-06 15:50:28 [INFO] 正在连接串口 COM8，波特率 256000...
2026-04-06 15:50:28 [INFO] 串口连接成功: COM8
2026-04-06 15:50:28 [INFO] 开始数据采集...
2026-04-06 15:50:28 [INFO] 数据文件已创建: ./data\vibration_1775461828.csv
2026-04-06 15:50:34 [INFO] 收到信号 2，正在停止采集...
2026-04-06 15:50:34 [INFO] 数据文件已关闭
2026-04-06 15:50:34 [INFO] 串口连接已关闭
2026-04-06 15:50:34 [INFO] 数据采集已停止
2026-04-06 15:50:34 [INFO] 数据采集已停止
2026-04-06 15:50:51 [INFO] 高频振动数据采集器初始化完成
2026-04-06 15:50:51 [INFO] 正在连接串口 COM8，波特率 256000...
2026-04-06 15:50:51 [INFO] 串口连接成功: COM8
2026-04-06 15:50:51 [INFO] 开始数据采集...
2026-04-06 15:50:51 [INFO] 数据文件已创建: ./data\vibration_1775461851.csv
2026-04-06 15:50:55 [INFO] 收到信号 2，正在停止采集...
2026-04-06 15:50:55 [INFO] 数据文件已关闭
2026-04-06 15:50:55 [INFO] 串口连接已关闭
2026-04-06 15:50:55 [INFO] 数据采集已停止
2026-04-06 15:50:55 [INFO] 数据采集已停止
2026-04-06 16:06:05 [INFO] 高频振动数据采集器初始化完成
2026-04-06 16:06:05 [INFO] 正在连接串口 COM8，波特率 256000...
2026-04-06 16:06:05 [INFO] 串口连接成功: COM8
2026-04-06 16:06:05 [INFO] 开始数据采集...
2026-04-06 16:06:05 [INFO] 数据文件已创建: ./data\vibration_1775462765.csv
2026-04-06 16:06:13 [ERROR] 串口读取错误: ClearCommError failed (PermissionError(13, '设备不识别此命令。', None, 22))
2026-04-06 16:06:13 [INFO] 数据文件已关闭
2026-04-06 16:06:13 [INFO] 串口连接已关闭
2026-04-06 16:06:13 [INFO] 数据采集已停止
2026-04-06 16:07:52 [INFO] 高频振动数据采集器初始化完成
2026-04-06 16:07:52 [INFO] 正在连接串口 COM8，波特率 256000...
2026-04-06 16:07:52 [INFO] 串口连接成功: COM8
2026-04-06 16:07:52 [INFO] 开始数据采集...
2026-04-06 16:07:52 [INFO] 数据文件已创建: ./data\vibration_1775462872.csv
2026-04-06 16:08:13 [INFO] 收到信号 2，正在停止采集...
2026-04-06 16:08:13 [INFO] 数据文件已关闭
2026-04-06 16:08:13 [INFO] 串口连接已关闭
2026-04-06 16:08:13 [INFO] 数据采集已停止
2026-04-06 16:08:13 [INFO] 数据采集已停止
2026-04-06 16:08:15 [INFO] 高频振动数据采集器初始化完成
2026-04-06 16:08:15 [INFO] 正在连接串口 COM8，波特率 256000...
2026-04-06 16:08:15 [INFO] 串口连接成功: COM8
2026-04-06 16:08:15 [INFO] 开始数据采集...
2026-04-06 16:08:15 [INFO] 数据文件已创建: ./data\vibration_1775462895.csv
2026-04-06 16:09:17 [INFO] 收到信号 2，正在停止采集...
2026-04-06 16:09:17 [INFO] 数据文件已关闭
2026-04-06 16:09:17 [INFO] 串口连接已关闭
2026-04-06 16:09:17 [INFO] 数据采集已停止
2026-04-06 16:09:17 [INFO] 数据采集已停止
2026-04-06 16:09:18 [INFO] 高频振动数据采集器初始化完成
2026-04-06 16:09:18 [INFO] 正在连接串口 COM8，波特率 256000...
2026-04-06 16:09:18 [INFO] 串口连接成功: COM8
2026-04-06 16:09:18 [INFO] 开始数据采集...
2026-04-06 16:09:18 [INFO] 数据文件已创建: ./data\vibration_1775462958.csv
2026-04-06 16:32:13 [INFO] 收到信号 2，正在停止采集...
2026-04-06 16:32:13 [INFO] 数据文件已关闭
2026-04-06 16:32:13 [INFO] 串口连接已关闭
2026-04-06 16:32:13 [INFO] 数据采集已停止
2026-04-06 16:32:13 [INFO] 数据采集已停止
2026-04-06 16:32:14 [INFO] 高频振动数据采集器初始化完成
2026-04-06 16:32:14 [INFO] 正在连接串口 COM8，波特率 256000...
2026-04-06 16:32:14 [INFO] 串口连接成功: COM8
2026-04-06 16:32:14 [INFO] 开始数据采集...
2026-04-06 16:32:14 [INFO] 数据文件已创建: ./data\vibration_1775464334.csv
2026-04-06 16:32:21 [INFO] 收到信号 2，正在停止采集...
2026-04-06 16:32:21 [INFO] 数据文件已关闭
2026-04-06 16:32:21 [INFO] 串口连接已关闭
2026-04-06 16:32:21 [INFO] 数据采集已停止
2026-04-06 16:32:21 [INFO] 数据采集已停止
2026-04-06 16:32:22 [INFO] 高频振动数据采集器初始化完成
2026-04-06 16:32:22 [INFO] 正在连接串口 COM8，波特率 256000...
2026-04-06 16:32:22 [INFO] 串口连接成功: COM8
2026-04-06 16:32:22 [INFO] 开始数据采集...
2026-04-06 16:32:22 [INFO] 数据文件已创建: ./data\vibration_1775464342.csv
2026-04-06 16:34:46 [INFO] 收到信号 2，正在停止采集...
2026-04-06 16:34:46 [INFO] 数据文件已关闭
2026-04-06 16:34:46 [INFO] 串口连接已关闭
2026-04-06 16:34:46 [INFO] 数据采集已停止
2026-04-06 16:34:46 [ERROR] 串口读取错误: ClearCommError failed (OSError(9, '句柄无效。', None, 6))
2026-04-06 16:34:46 [INFO] 数据采集已停止
2026-04-06 16:35:19 [INFO] 高频振动数据采集器初始化完成
2026-04-06 16:35:19 [INFO] 正在连接串口 COM8，波特率 256000...
2026-04-06 16:35:19 [INFO] 串口连接成功: COM8
2026-04-06 16:35:19 [INFO] 开始数据采集...
2026-04-06 16:35:19 [INFO] 数据文件已创建: ./data\vibration_1775464519.csv
2026-04-06 16:36:37 [INFO] 收到信号 2，正在停止采集...
2026-04-06 16:36:37 [INFO] 数据文件已关闭
2026-04-06 16:36:37 [INFO] 串口连接已关闭
2026-04-06 16:36:37 [INFO] 数据采集已停止
2026-04-06 16:36:37 [INFO] 数据文件已创建: ./data\vibration_1775464597.csv
2026-04-06 16:36:37 [INFO] 数据文件已关闭
2026-04-06 16:36:37 [INFO] 数据采集已停止
2026-04-06 17:52:30 [INFO] 高频振动数据采集器初始化完成
2026-04-06 17:52:30 [INFO] 正在连接串口 COM8，波特率 256000...
2026-04-06 17:52:30 [INFO] 串口连接成功: COM8
2026-04-06 17:52:30 [INFO] 开始数据采集...
2026-04-06 17:52:30 [INFO] 数据文件已创建: ./data\vibration_1775469150.csv
2026-04-06 17:52:38 [INFO] 收到信号 2，正在停止采集...
2026-04-06 17:52:38 [INFO] 数据文件已关闭
2026-04-06 17:52:38 [INFO] 串口连接已关闭
2026-04-06 17:52:38 [INFO] 数据采集已停止
2026-04-06 17:52:38 [INFO] 数据采集已停止
2026-04-06 17:52:50 [INFO] 高频振动数据采集器初始化完成
2026-04-06 17:52:50 [INFO] 正在连接串口 COM8，波特率 256000...
2026-04-06 17:52:50 [INFO] 串口连接成功: COM8
2026-04-06 17:52:50 [INFO] 开始数据采集...
2026-04-06 17:52:50 [INFO] 数据文件已创建: ./data\vibration_1775469170.csv
2026-04-06 17:53:52 [INFO] 收到信号 2，正在停止采集...
2026-04-06 17:53:52 [INFO] 数据文件已关闭
2026-04-06 17:53:52 [INFO] 串口连接已关闭
2026-04-06 17:53:52 [INFO] 数据采集已停止
2026-04-06 17:53:52 [INFO] 数据采集已停止
2026-04-07 09:05:47 [INFO] 高频振动数据采集器初始化完成
2026-04-07 09:05:47 [INFO] 正在连接串口 COM8，波特率 256000...
2026-04-07 09:05:47 [INFO] 串口连接成功: COM8
2026-04-07 09:05:47 [INFO] 开始数据采集...
2026-04-07 09:05:47 [INFO] 数据文件已创建: ./data\vibration_1775523947.csv
2026-04-07 09:05:51 [INFO] 收到信号 2，正在停止采集...
2026-04-07 09:05:51 [INFO] 数据文件已关闭
2026-04-07 09:05:51 [INFO] 串口连接已关闭
2026-04-07 09:05:51 [INFO] 数据采集已停止
2026-04-07 09:05:51 [INFO] 数据采集已停止
2026-04-07 09:05:58 [INFO] 高频振动数据采集器初始化完成
2026-04-07 09:05:58 [INFO] 正在连接串口 COM8，波特率 500000...
2026-04-07 09:05:58 [INFO] 串口连接成功: COM8
2026-04-07 09:05:58 [INFO] 开始数据采集...
2026-04-07 09:05:58 [INFO] 数据文件已创建: ./data\vibration_1775523958.csv
2026-04-07 09:07:35 [INFO] 收到信号 2，正在停止采集...
2026-04-07 09:07:35 [INFO] 数据文件已关闭
2026-04-07 09:07:35 [INFO] 串口连接已关闭
2026-04-07 09:07:35 [INFO] 数据采集已停止
2026-04-07 09:07:35 [INFO] 数据采集已停止
2026-04-07 10:36:57 [INFO] 高频振动数据采集器初始化完成
2026-04-07 10:36:57 [INFO] 正在连接串口 COM8，波特率 500000...
2026-04-07 10:36:57 [INFO] 串口连接成功: COM8
2026-04-07 10:36:57 [INFO] 开始数据采集...
2026-04-07 10:36:57 [INFO] 数据文件已创建: ./data\vibration_1775529417.csv
2026-04-07 10:37:22 [INFO] 收到信号 2，正在停止采集...
2026-04-07 10:37:22 [INFO] 数据文件已关闭
2026-04-07 10:37:22 [INFO] 串口连接已关闭
2026-04-07 10:37:22 [INFO] 数据采集已停止
2026-04-07 10:37:22 [INFO] 数据采集已停止
2026-04-07 10:37:24 [INFO] 高频振动数据采集器初始化完成
2026-04-07 10:37:24 [INFO] 正在连接串口 COM8，波特率 500000...
2026-04-07 10:37:24 [INFO] 串口连接成功: COM8
2026-04-07 10:37:24 [INFO] 开始数据采集...
2026-04-07 10:37:24 [INFO] 数据文件已创建: ./data\vibration_1775529444.csv
2026-04-07 10:37:37 [INFO] 收到信号 2，正在停止采集...
2026-04-07 10:37:37 [INFO] 数据文件已关闭
2026-04-07 10:37:37 [INFO] 串口连接已关闭
2026-04-07 10:37:37 [INFO] 数据采集已停止
2026-04-07 10:37:37 [INFO] 数据采集已停止
2026-04-07 10:40:20 [INFO] 高频振动数据采集器初始化完成
2026-04-07 10:40:20 [INFO] 正在连接串口 COM8，波特率 500000...
2026-04-07 10:40:20 [INFO] 串口连接成功: COM8
2026-04-07 10:40:20 [INFO] 开始数据采集...
2026-04-07 10:40:20 [INFO] 数据文件已创建: ./data\vibration_1775529620.csv
2026-04-07 10:40:30 [INFO] 收到信号 2，正在停止采集...
2026-04-07 10:40:30 [INFO] 数据文件已关闭
2026-04-07 10:40:30 [INFO] 串口连接已关闭
2026-04-07 10:40:30 [INFO] 数据采集已停止
2026-04-07 10:40:30 [INFO] 数据采集已停止
2026-04-07 10:42:31 [INFO] 高频振动数据采集器初始化完成
2026-04-07 10:42:31 [INFO] 正在连接串口 COM8，波特率 500000...
2026-04-07 10:42:31 [INFO] 串口连接成功: COM8
2026-04-07 10:42:31 [INFO] 开始数据采集...
2026-04-07 10:42:31 [INFO] 数据文件已创建: ./data\vibration_1775529751.csv
2026-04-07 10:42:45 [INFO] 收到信号 2，正在停止采集...
2026-04-07 10:42:45 [INFO] 数据文件已关闭
2026-04-07 10:42:46 [INFO] 串口连接已关闭
2026-04-07 10:42:46 [INFO] 数据采集已停止
2026-04-07 10:42:46 [ERROR] 串口未连接，采集终止
2026-04-07 10:42:46 [INFO] 数据采集已停止
2026-04-07 11:01:25 [INFO] 高频振动数据采集器初始化完成
2026-04-07 11:01:26 [INFO] 正在连接串口 COM8，波特率 500000...
2026-04-07 11:01:26 [INFO] 串口连接成功: COM8
2026-04-07 11:01:26 [INFO] 开始数据采集...
2026-04-07 11:01:26 [INFO] 数据文件已创建: ./data\vibration_1775530886.csv
2026-04-07 11:01:46 [INFO] 收到信号 2，正在停止采集...
2026-04-07 11:01:46 [INFO] 数据文件已关闭
2026-04-07 11:01:46 [INFO] 串口连接已关闭
2026-04-07 11:01:46 [INFO] 数据采集已停止
2026-04-07 11:01:46 [INFO] 数据采集已停止
2026-04-07 11:34:48 [INFO] 高频振动数据采集器初始化完成
2026-04-07 11:34:48 [INFO] 正在连接串口 COM8，波特率 500000...
2026-04-07 11:34:48 [INFO] 串口连接成功: COM8
2026-04-07 11:34:48 [INFO] 开始数据采集...
2026-04-07 11:34:48 [INFO] 数据文件已创建: ./data\vibration_1775532888.csv
2026-04-07 11:34:59 [INFO] 收到信号 2，正在停止采集...
2026-04-07 11:34:59 [INFO] 数据文件已关闭
2026-04-07 11:34:59 [INFO] 串口连接已关闭
2026-04-07 11:34:59 [INFO] 数据采集已停止
2026-04-07 11:34:59 [INFO] 数据采集已停止
2026-04-07 11:35:14 [INFO] 高频振动数据采集器初始化完成
2026-04-07 11:35:14 [INFO] 正在连接串口 COM8，波特率 500000...
2026-04-07 11:35:14 [INFO] 串口连接成功: COM8
2026-04-07 11:35:14 [INFO] 开始数据采集...
2026-04-07 11:35:14 [INFO] 数据文件已创建: ./data\vibration_1775532914.csv
2026-04-07 11:35:21 [INFO] 收到信号 2，正在停止采集...
2026-04-07 11:35:21 [INFO] 数据文件已关闭
2026-04-07 11:35:21 [INFO] 串口连接已关闭
2026-04-07 11:35:21 [INFO] 数据采集已停止
2026-04-07 11:35:21 [INFO] 数据采集已停止
2026-04-07 14:52:15 [INFO] 高频振动数据采集器初始化完成
2026-04-07 14:52:15 [INFO] 正在连接串口 COM8，波特率 500000...
2026-04-07 14:52:15 [INFO] 串口连接成功: COM8
2026-04-07 14:52:15 [INFO] 开始数据采集...
2026-04-07 14:52:15 [INFO] 数据文件已创建: ./data\vibration_1775544735.csv
2026-04-07 14:55:33 [INFO] 收到信号 2，正在停止采集...
2026-04-07 14:55:33 [INFO] 数据文件已关闭
2026-04-07 14:55:33 [INFO] 串口连接已关闭
2026-04-07 14:55:33 [INFO] 数据采集已停止
2026-04-07 14:55:33 [INFO] 数据采集已停止
2026-04-07 14:55:36 [INFO] 高频振动数据采集器初始化完成
2026-04-07 14:55:36 [INFO] 正在连接串口 COM8，波特率 500000...
2026-04-07 14:55:36 [INFO] 串口连接成功: COM8
2026-04-07 14:55:36 [INFO] 开始数据采集...
2026-04-07 14:55:36 [INFO] 数据文件已创建: ./data\vibration_1775544936.csv
2026-04-07 14:55:42 [INFO] 收到信号 2，正在停止采集...
2026-04-07 14:55:42 [INFO] 数据文件已关闭
2026-04-07 14:55:42 [INFO] 串口连接已关闭
2026-04-07 14:55:42 [INFO] 数据采集已停止
2026-04-07 14:55:42 [INFO] 数据采集已停止
2026-04-07 14:56:05 [INFO] 高频振动数据采集器初始化完成
2026-04-07 14:56:05 [INFO] 正在连接串口 COM8，波特率 500000...
2026-04-07 14:56:05 [INFO] 串口连接成功: COM8
2026-04-07 14:56:05 [INFO] 开始数据采集...
2026-04-07 14:56:05 [INFO] 数据文件已创建: ./data\vibration_1775544965.csv
2026-04-07 14:57:35 [INFO] 收到信号 2，正在停止采集...
2026-04-07 14:57:35 [INFO] 数据文件已关闭
2026-04-07 14:57:35 [INFO] 串口连接已关闭
2026-04-07 14:57:35 [INFO] 数据采集已停止
2026-04-07 14:57:35 [INFO] 数据采集已停止
2026-04-07 15:00:41 [INFO] 高频振动数据采集器初始化完成
2026-04-07 15:00:41 [INFO] 正在连接串口 COM8，波特率 500000...
2026-04-07 15:00:42 [INFO] 串口连接成功: COM8
2026-04-07 15:00:42 [INFO] 开始数据采集...
2026-04-07 15:00:42 [INFO] 数据文件已创建: ./data\vibration_1775545242.csv
2026-04-07 15:00:48 [ERROR] 串口读取错误: ClearCommError failed (PermissionError(13, '设备不识别此命令。', None, 22))
2026-04-07 15:00:48 [INFO] 数据文件已关闭
2026-04-07 15:00:48 [INFO] 串口连接已关闭
2026-04-07 15:00:48 [INFO] 数据采集已停止
2026-04-07 15:00:55 [INFO] 高频振动数据采集器初始化完成
2026-04-07 15:00:55 [INFO] 正在连接串口 COM8，波特率 500000...
2026-04-07 15:00:55 [INFO] 串口连接成功: COM8
2026-04-07 15:00:55 [INFO] 开始数据采集...
2026-04-07 15:00:55 [INFO] 数据文件已创建: ./data\vibration_1775545255.csv
2026-04-07 15:01:06 [INFO] 收到信号 2，正在停止采集...
2026-04-07 15:01:06 [INFO] 数据文件已关闭
2026-04-07 15:01:06 [INFO] 串口连接已关闭
2026-04-07 15:01:06 [INFO] 数据采集已停止
2026-04-07 15:01:06 [INFO] 数据采集已停止
2026-04-07 15:01:19 [INFO] 高频振动数据采集器初始化完成
2026-04-07 15:01:19 [INFO] 正在连接串口 COM8，波特率 500000...
2026-04-07 15:01:19 [INFO] 串口连接成功: COM8
2026-04-07 15:01:19 [INFO] 开始数据采集...
2026-04-07 15:01:19 [INFO] 数据文件已创建: ./data\vibration_1775545279.csv
2026-04-07 15:01:29 [INFO] 收到信号 2，正在停止采集...
2026-04-07 15:01:29 [INFO] 数据文件已关闭
2026-04-07 15:01:29 [INFO] 串口连接已关闭
2026-04-07 15:01:29 [INFO] 数据采集已停止
2026-04-07 15:01:29 [INFO] 数据采集已停止
2026-04-07 15:13:16 [INFO] 高频振动数据采集器初始化完成
2026-04-07 15:13:16 [INFO] 正在连接串口 COM8，波特率 500000...
2026-04-07 15:13:16 [INFO] 串口连接成功: COM8
2026-04-07 15:13:16 [INFO] 开始数据采集...
2026-04-07 15:13:16 [INFO] 数据文件已创建: ./data\vibration_1775545996.csv
2026-04-07 15:13:20 [INFO] 收到信号 2，正在停止采集...
2026-04-07 15:13:20 [INFO] 数据文件已关闭
2026-04-07 15:13:20 [INFO] 串口连接已关闭
2026-04-07 15:13:20 [INFO] 数据采集已停止
2026-04-07 15:13:20 [INFO] 数据采集已停止
2026-04-07 15:13:52 [INFO] 高频振动数据采集器初始化完成
2026-04-07 15:13:52 [INFO] 正在连接串口 COM8，波特率 500000...
2026-04-07 15:13:52 [INFO] 串口连接成功: COM8
2026-04-07 15:13:52 [INFO] 开始数据采集...
2026-04-07 15:13:52 [INFO] 数据文件已创建: ./data\vibration_1775546032.csv
2026-04-07 15:14:00 [INFO] 收到信号 2，正在停止采集...
2026-04-07 15:14:00 [INFO] 数据文件已关闭
2026-04-07 15:14:00 [INFO] 串口连接已关闭
2026-04-07 15:14:00 [INFO] 数据采集已停止
2026-04-07 15:14:00 [INFO] 数据采集已停止
2026-04-07 15:14:02 [INFO] 高频振动数据采集器初始化完成
2026-04-07 15:14:02 [INFO] 正在连接串口 COM8，波特率 500000...
2026-04-07 15:14:02 [INFO] 串口连接成功: COM8
2026-04-07 15:14:02 [INFO] 开始数据采集...
2026-04-07 15:14:02 [INFO] 数据文件已创建: ./data\vibration_1775546042.csv
2026-04-07 15:14:11 [INFO] 收到信号 2，正在停止采集...
2026-04-07 15:14:11 [INFO] 数据文件已关闭
2026-04-07 15:14:11 [INFO] 串口连接已关闭
2026-04-07 15:14:11 [INFO] 数据采集已停止
2026-04-07 15:14:11 [INFO] 数据采集已停止
2026-04-07 15:14:17 [INFO] 高频振动数据采集器初始化完成
2026-04-07 15:14:17 [INFO] 正在连接串口 COM8，波特率 500000...
2026-04-07 15:14:17 [INFO] 串口连接成功: COM8
2026-04-07 15:14:17 [INFO] 开始数据采集...
2026-04-07 15:14:17 [INFO] 数据文件已创建: ./data\vibration_1775546057.csv
2026-04-07 15:15:07 [INFO] 收到信号 2，正在停止采集...
2026-04-07 15:15:07 [INFO] 数据文件已关闭
2026-04-07 15:15:07 [INFO] 串口连接已关闭
2026-04-07 15:15:07 [INFO] 数据采集已停止
2026-04-07 15:15:07 [INFO] 数据采集已停止
2026-04-07 15:15:09 [INFO] 高频振动数据采集器初始化完成
2026-04-07 15:15:09 [INFO] 正在连接串口 COM8，波特率 500000...
2026-04-07 15:15:09 [INFO] 串口连接成功: COM8
2026-04-07 15:15:09 [INFO] 开始数据采集...
2026-04-07 15:15:09 [INFO] 数据文件已创建: ./data\vibration_1775546109.csv
2026-04-07 15:15:16 [INFO] 高频振动数据采集器初始化完成
2026-04-07 15:15:16 [INFO] 正在连接串口 COM8，波特率 500000...
2026-04-07 15:15:16 [ERROR] 串口连接失败: could not open port 'COM8': PermissionError(13, '拒绝访问。', None, 5)
2026-04-07 15:15:40 [INFO] 收到信号 2，正在停止采集...
2026-04-07 15:15:40 [INFO] 数据文件已关闭
2026-04-07 15:15:40 [INFO] 串口连接已关闭
2026-04-07 15:15:40 [INFO] 数据采集已停止
2026-04-07 15:15:40 [INFO] 数据采集已停止
2026-04-07 15:15:42 [INFO] 高频振动数据采集器初始化完成
2026-04-07 15:15:42 [INFO] 正在连接串口 COM8，波特率 500000...
2026-04-07 15:15:42 [INFO] 串口连接成功: COM8
2026-04-07 15:15:42 [INFO] 开始数据采集...
2026-04-07 15:15:42 [INFO] 数据文件已创建: ./data\vibration_1775546142.csv
2026-04-07 15:15:52 [INFO] 收到信号 2，正在停止采集...
2026-04-07 15:15:52 [INFO] 数据文件已关闭
2026-04-07 15:15:52 [INFO] 串口连接已关闭
2026-04-07 15:15:52 [INFO] 数据采集已停止
2026-04-07 15:15:52 [INFO] 数据采集已停止
2026-04-07 15:15:53 [INFO] 高频振动数据采集器初始化完成
2026-04-07 15:15:53 [INFO] 正在连接串口 COM8，波特率 500000...
2026-04-07 15:15:53 [INFO] 串口连接成功: COM8
2026-04-07 15:15:53 [INFO] 开始数据采集...
2026-04-07 15:15:53 [INFO] 数据文件已创建: ./data\vibration_1775546153.csv
2026-04-07 15:15:57 [INFO] 收到信号 2，正在停止采集...
2026-04-07 15:15:57 [INFO] 数据文件已关闭
2026-04-07 15:15:57 [INFO] 串口连接已关闭
2026-04-07 15:15:57 [INFO] 数据采集已停止
2026-04-07 15:15:57 [INFO] 数据采集已停止
2026-04-07 15:16:19 [INFO] 高频振动数据采集器初始化完成
2026-04-07 15:16:19 [INFO] 正在连接串口 COM8，波特率 500000...
2026-04-07 15:16:19 [INFO] 串口连接成功: COM8
2026-04-07 15:16:19 [INFO] 开始数据采集...
2026-04-07 15:16:19 [INFO] 数据文件已创建: ./data\vibration_1775546179.csv
2026-04-07 15:17:08 [INFO] 收到信号 2，正在停止采集...
2026-04-07 15:17:08 [INFO] 数据文件已关闭
2026-04-07 15:17:08 [INFO] 串口连接已关闭
2026-04-07 15:17:08 [INFO] 数据采集已停止
2026-04-07 15:17:08 [INFO] 数据采集已停止
2026-04-07 15:17:10 [INFO] 高频振动数据采集器初始化完成
2026-04-07 15:17:10 [INFO] 正在连接串口 COM8，波特率 500000...
2026-04-07 15:17:10 [INFO] 串口连接成功: COM8
2026-04-07 15:17:10 [INFO] 开始数据采集...
2026-04-07 15:17:10 [INFO] 数据文件已创建: ./data\vibration_1775546230.csv
2026-04-07 15:17:15 [INFO] 收到信号 2，正在停止采集...
2026-04-07 15:17:15 [INFO] 数据文件已关闭
2026-04-07 15:17:15 [INFO] 串口连接已关闭
2026-04-07 15:17:15 [INFO] 数据采集已停止
2026-04-07 15:17:15 [INFO] 数据采集已停止
2026-04-07 15:28:21 [INFO] 高频振动数据采集器初始化完成
2026-04-07 15:28:21 [INFO] 正在连接串口 COM8，波特率 500000...
2026-04-07 15:28:21 [INFO] 串口连接成功: COM8
2026-04-07 15:28:21 [INFO] 开始数据采集...
2026-04-07 15:28:21 [INFO] 数据文件已创建: ./data\vibration_1775546901.csv
2026-04-07 15:28:27 [INFO] 收到信号 2，正在停止采集...
2026-04-07 15:28:27 [INFO] 数据文件已关闭
2026-04-07 15:28:27 [INFO] 串口连接已关闭
2026-04-07 15:28:27 [INFO] 数据采集已停止
2026-04-07 15:28:27 [INFO] 数据采集已停止
2026-04-07 15:28:29 [INFO] 高频振动数据采集器初始化完成
2026-04-07 15:28:29 [INFO] 正在连接串口 COM8，波特率 500000...
2026-04-07 15:28:29 [INFO] 串口连接成功: COM8
2026-04-07 15:28:29 [INFO] 开始数据采集...
2026-04-07 15:28:29 [INFO] 数据文件已创建: ./data\vibration_1775546909.csv
2026-04-07 15:28:33 [INFO] 收到信号 2，正在停止采集...
2026-04-07 15:28:33 [INFO] 数据文件已关闭
2026-04-07 15:28:33 [INFO] 串口连接已关闭
2026-04-07 15:28:33 [INFO] 数据采集已停止
2026-04-07 15:28:33 [INFO] 数据采集已停止
2026-04-07 15:28:48 [INFO] 高频振动数据采集器初始化完成
2026-04-07 15:28:48 [INFO] 正在连接串口 COM8，波特率 500000...
2026-04-07 15:28:48 [INFO] 串口连接成功: COM8
2026-04-07 15:28:48 [INFO] 开始数据采集...
2026-04-07 15:28:48 [INFO] 数据文件已创建: ./data\vibration_1775546928.csv
2026-04-07 15:30:19 [INFO] 收到信号 2，正在停止采集...
2026-04-07 15:30:19 [INFO] 数据文件已关闭
2026-04-07 15:30:19 [INFO] 串口连接已关闭
2026-04-07 15:30:19 [INFO] 数据采集已停止
2026-04-07 15:30:19 [INFO] 数据采集已停止
2026-04-07 15:30:37 [INFO] 高频振动数据采集器初始化完成
2026-04-07 15:30:37 [INFO] 正在连接串口 COM8，波特率 500000...
2026-04-07 15:30:37 [INFO] 串口连接成功: COM8
2026-04-07 15:30:37 [INFO] 开始数据采集...
2026-04-07 15:30:37 [INFO] 数据文件已创建: ./data\vibration_1775547037.csv
2026-04-07 15:30:43 [INFO] 收到信号 2，正在停止采集...
2026-04-07 15:30:43 [INFO] 数据文件已关闭
2026-04-07 15:30:43 [INFO] 串口连接已关闭
2026-04-07 15:30:43 [INFO] 数据采集已停止
2026-04-07 15:30:43 [ERROR] 串口读取错误: ClearCommError failed (OSError(9, '句柄无效。', None, 6))
2026-04-07 15:30:43 [INFO] 数据采集已停止
2026-04-07 15:30:50 [INFO] 高频振动数据采集器初始化完成
2026-04-07 15:30:50 [INFO] 正在连接串口 COM8，波特率 500000...
2026-04-07 15:30:50 [INFO] 串口连接成功: COM8
2026-04-07 15:30:50 [INFO] 开始数据采集...
2026-04-07 15:30:50 [INFO] 数据文件已创建: ./data\vibration_1775547050.csv
2026-04-07 15:31:02 [INFO] 收到信号 2，正在停止采集...
2026-04-07 15:31:02 [INFO] 数据文件已关闭
2026-04-07 15:31:02 [INFO] 串口连接已关闭
2026-04-07 15:31:02 [INFO] 数据采集已停止
2026-04-07 15:31:02 [INFO] 数据采集已停止
2026-04-07 15:33:50 [INFO] 高频振动数据采集器初始化完成
2026-04-07 15:33:50 [INFO] 正在连接串口 COM8，波特率 500000...
2026-04-07 15:33:50 [INFO] 串口连接成功: COM8
2026-04-07 15:33:50 [INFO] 开始数据采集...
2026-04-07 15:33:50 [INFO] 数据文件已创建: ./data\vibration_1775547230.csv
2026-04-07 15:33:55 [INFO] 收到信号 2，正在停止采集...
2026-04-07 15:33:55 [INFO] 数据文件已关闭
2026-04-07 15:33:55 [INFO] 串口连接已关闭
2026-04-07 15:33:55 [INFO] 数据采集已停止
2026-04-07 15:33:55 [INFO] 数据采集已停止
2026-04-07 15:40:06 [INFO] 高频振动数据采集器初始化完成
2026-04-07 15:40:06 [INFO] 正在连接串口 COM8，波特率 500000...
2026-04-07 15:40:06 [INFO] 串口连接成功: COM8
2026-04-07 15:40:06 [INFO] 开始数据采集...
2026-04-07 15:40:06 [INFO] 数据文件已创建: ./data\vibration_1775547606.csv
2026-04-07 15:41:44 [INFO] 收到信号 2，正在停止采集...
2026-04-07 15:41:44 [INFO] 数据文件已关闭
2026-04-07 15:41:44 [INFO] 串口连接已关闭
2026-04-07 15:41:44 [INFO] 数据采集已停止
2026-04-07 15:41:44 [INFO] 数据采集已停止
2026-04-07 15:41:47 [INFO] 高频振动数据采集器初始化完成
2026-04-07 15:41:47 [INFO] 正在连接串口 COM8，波特率 500000...
2026-04-07 15:41:47 [INFO] 串口连接成功: COM8
2026-04-07 15:41:47 [INFO] 开始数据采集...
2026-04-07 15:41:47 [INFO] 数据文件已创建: ./data\vibration_1775547707.csv
2026-04-07 15:42:56 [INFO] 收到信号 2，正在停止采集...
2026-04-07 15:42:56 [INFO] 数据文件已关闭
2026-04-07 15:42:56 [INFO] 串口连接已关闭
2026-04-07 15:42:56 [INFO] 数据采集已停止
2026-04-07 15:42:56 [INFO] 数据采集已停止
2026-04-07 15:44:27 [INFO] 高频振动数据采集器初始化完成
2026-04-07 15:44:27 [INFO] 正在连接串口 COM8，波特率 500000...
2026-04-07 15:44:27 [INFO] 串口连接成功: COM8
2026-04-07 15:44:27 [INFO] 开始数据采集...
2026-04-07 15:44:27 [INFO] 数据文件已创建: ./data\vibration_1775547867.csv
2026-04-07 15:45:01 [INFO] 收到信号 2，正在停止采集...
2026-04-07 15:45:01 [INFO] 数据文件已关闭
2026-04-07 15:45:01 [INFO] 串口连接已关闭
2026-04-07 15:45:01 [INFO] 数据采集已停止
2026-04-07 15:45:01 [ERROR] 处理数据时发生错误: 'NoneType' object has no attribute 'flush'
2026-04-07 15:45:01 [INFO] 数据采集已停止
2026-04-07 16:19:28 [INFO] 高频振动数据采集器初始化完成
2026-04-07 16:19:28 [INFO] 正在连接串口 COM8，波特率 500000...
2026-04-07 16:19:28 [INFO] 串口连接成功: COM8
2026-04-07 16:19:28 [INFO] 开始数据采集...
2026-04-07 16:19:28 [INFO] 数据文件已创建: ./data\vibration_1775549968.csv
2026-04-07 16:19:36 [INFO] 收到信号 2，正在停止采集...
2026-04-07 16:19:36 [INFO] 数据文件已关闭
2026-04-07 16:19:36 [INFO] 串口连接已关闭
2026-04-07 16:19:36 [INFO] 数据采集已停止
2026-04-07 16:19:36 [INFO] 数据采集已停止
2026-04-08 15:01:46 [INFO] 高频振动数据采集器初始化完成
2026-04-08 15:01:46 [INFO] 正在连接串口 COM8，波特率 500000...
2026-04-08 15:01:46 [INFO] 串口连接成功: COM8
2026-04-08 15:01:46 [INFO] 开始数据采集...
2026-04-08 15:01:46 [INFO] 数据文件已创建: ./data\vibration_1775631706.csv
2026-04-08 15:02:35 [INFO] 收到信号 2，正在停止采集...
2026-04-08 15:02:35 [INFO] 数据文件已关闭
2026-04-08 15:02:35 [INFO] 串口连接已关闭
2026-04-08 15:02:35 [INFO] 数据采集已停止
2026-04-08 15:02:35 [INFO] 数据采集已停止
2026-04-08 15:04:26 [INFO] 高频振动数据采集器初始化完成
2026-04-08 15:04:26 [INFO] 正在连接串口 COM8，波特率 500000...
2026-04-08 15:04:26 [INFO] 串口连接成功: COM8
2026-04-08 15:04:26 [INFO] 开始数据采集...
2026-04-08 15:04:26 [INFO] 数据文件已创建: ./data\vibration_1775631866.csv
2026-04-08 15:04:34 [INFO] 收到信号 2，正在停止采集...
2026-04-08 15:04:34 [INFO] 数据文件已关闭
2026-04-08 15:04:34 [INFO] 串口连接已关闭
2026-04-08 15:04:34 [INFO] 数据采集已停止
2026-04-08 15:04:34 [INFO] 数据采集已停止
2026-04-08 15:04:47 [INFO] 高频振动数据采集器初始化完成
2026-04-08 15:04:47 [INFO] 正在连接串口 COM8，波特率 500000...
2026-04-08 15:04:47 [INFO] 串口连接成功: COM8
2026-04-08 15:04:47 [INFO] 开始数据采集...
2026-04-08 15:04:47 [INFO] 数据文件已创建: ./data\vibration_1775631887.csv
2026-04-08 15:05:40 [INFO] 收到信号 2，正在停止采集...
2026-04-08 15:05:40 [INFO] 数据文件已关闭
2026-04-08 15:05:40 [INFO] 串口连接已关闭
2026-04-08 15:05:40 [INFO] 数据采集已停止
2026-04-08 15:05:40 [INFO] 数据采集已停止
2026-04-08 15:18:14 [INFO] 高频振动数据采集器初始化完成
2026-04-08 15:18:14 [INFO] 正在连接串口 COM8，波特率 500000...
2026-04-08 15:18:14 [INFO] 串口连接成功: COM8
2026-04-08 15:18:14 [INFO] 开始数据采集...
2026-04-08 15:18:14 [INFO] 数据文件已创建: ./data\vibration_1775632694.csv
2026-04-08 15:18:21 [INFO] 收到信号 2，正在停止采集...
2026-04-08 15:18:21 [INFO] 数据文件已关闭
2026-04-08 15:18:21 [INFO] 串口连接已关闭
2026-04-08 15:18:21 [INFO] 数据采集已停止
2026-04-08 15:18:21 [INFO] 数据采集已停止
2026-04-08 15:18:38 [INFO] 高频振动数据采集器初始化完成
2026-04-08 15:18:38 [INFO] 正在连接串口 COM8，波特率 500000...
2026-04-08 15:18:38 [INFO] 串口连接成功: COM8
2026-04-08 15:18:38 [INFO] 开始数据采集...
2026-04-08 15:18:38 [INFO] 数据文件已创建: ./data\vibration_1775632718.csv
2026-04-08 15:18:42 [INFO] 收到信号 2，正在停止采集...
2026-04-08 15:18:42 [INFO] 数据文件已关闭
2026-04-08 15:18:42 [INFO] 串口连接已关闭
2026-04-08 15:18:42 [INFO] 数据采集已停止
2026-04-08 15:18:42 [INFO] 数据采集已停止
2026-04-08 15:20:09 [INFO] 高频振动数据采集器初始化完成
2026-04-08 15:20:09 [INFO] 正在连接串口 COM8，波特率 500000...
2026-04-08 15:20:09 [INFO] 串口连接成功: COM8
2026-04-08 15:20:09 [INFO] 开始数据采集...
2026-04-08 15:20:09 [INFO] 数据文件已创建: ./data\vibration_1775632809.csv
2026-04-08 15:20:13 [INFO] 收到信号 2，正在停止采集...
2026-04-08 15:20:13 [INFO] 数据文件已关闭
2026-04-08 15:20:13 [INFO] 串口连接已关闭
2026-04-08 15:20:13 [INFO] 数据采集已停止
2026-04-08 15:20:13 [INFO] 数据采集已停止
2026-04-08 15:20:30 [INFO] 高频振动数据采集器初始化完成
2026-04-08 15:20:30 [INFO] 正在连接串口 COM8，波特率 500000...
2026-04-08 15:20:30 [INFO] 串口连接成功: COM8
2026-04-08 15:20:30 [INFO] 开始数据采集...
2026-04-08 15:20:30 [INFO] 数据文件已创建: ./data\vibration_1775632830.csv
2026-04-08 15:20:34 [INFO] 收到信号 2，正在停止采集...
2026-04-08 15:20:34 [INFO] 数据文件已关闭
2026-04-08 15:20:34 [INFO] 串口连接已关闭
2026-04-08 15:20:34 [INFO] 数据采集已停止
2026-04-08 15:20:34 [INFO] 数据采集已停止
2026-04-08 15:21:06 [INFO] 高频振动数据采集器初始化完成
2026-04-08 15:21:06 [INFO] 正在连接串口 COM8，波特率 500000...
2026-04-08 15:21:06 [INFO] 串口连接成功: COM8
2026-04-08 15:21:06 [INFO] 开始数据采集...
2026-04-08 15:21:06 [INFO] 数据文件已创建: ./data\vibration_1775632866.csv
2026-04-08 15:22:21 [INFO] 收到信号 2，正在停止采集...
2026-04-08 15:22:21 [INFO] 数据文件已关闭
2026-04-08 15:22:21 [INFO] 串口连接已关闭
2026-04-08 15:22:21 [INFO] 数据采集已停止
2026-04-08 15:22:21 [INFO] 数据采集已停止
2026-04-08 15:42:22 [INFO] 高频振动数据采集器初始化完成
2026-04-08 15:42:22 [INFO] 正在连接串口 COM8，波特率 500000...
2026-04-08 15:42:22 [INFO] 串口连接成功: COM8
2026-04-08 15:42:22 [INFO] 开始数据采集...
2026-04-08 15:42:22 [INFO] 数据文件已创建: ./data\vibration_1775634142.csv
2026-04-08 15:44:02 [INFO] 收到信号 2，正在停止采集...
2026-04-08 15:44:02 [INFO] 数据文件已关闭
2026-04-08 15:44:02 [INFO] 串口连接已关闭
2026-04-08 15:44:02 [INFO] 数据采集已停止
2026-04-08 15:44:02 [INFO] 数据采集已停止
2026-04-08 15:58:37 [INFO] 高频振动数据采集器初始化完成
2026-04-08 15:58:37 [INFO] 正在连接串口 COM8，波特率 500000...
2026-04-08 15:58:37 [INFO] 串口连接成功: COM8
2026-04-08 15:58:37 [INFO] 开始数据采集...
2026-04-08 15:58:37 [INFO] 数据文件已创建: ./data\vibration_1775635117.csv
2026-04-08 15:59:43 [INFO] 收到信号 2，正在停止采集...
2026-04-08 15:59:43 [INFO] 数据文件已关闭
2026-04-08 15:59:43 [INFO] 串口连接已关闭
2026-04-08 15:59:43 [INFO] 数据采集已停止
2026-04-08 15:59:43 [INFO] 数据采集已停止
